Archive member included to satisfy reference by file (symbol)

/home/nekida/.config/Code/User/globalStorage/bmd.stm32-for-vscode/@xpack-dev-tools/arm-none-eabi-gcc/14.2.1-1.1.1/.content/bin/../lib/gcc/arm-none-eabi/14.2.1/../../../../arm-none-eabi/lib/thumb/v7e-m+fp/hard/libc_nano.a(libc_a-atexit.o)
                              /home/nekida/.config/Code/User/globalStorage/bmd.stm32-for-vscode/@xpack-dev-tools/arm-none-eabi-gcc/14.2.1-1.1.1/.content/bin/../lib/gcc/arm-none-eabi/14.2.1/../../../../arm-none-eabi/lib/thumb/v7e-m+fp/hard/crt0.o (atexit)
/home/nekida/.config/Code/User/globalStorage/bmd.stm32-for-vscode/@xpack-dev-tools/arm-none-eabi-gcc/14.2.1-1.1.1/.content/bin/../lib/gcc/arm-none-eabi/14.2.1/../../../../arm-none-eabi/lib/thumb/v7e-m+fp/hard/libc_nano.a(libc_a-exit.o)
                              /home/nekida/.config/Code/User/globalStorage/bmd.stm32-for-vscode/@xpack-dev-tools/arm-none-eabi-gcc/14.2.1-1.1.1/.content/bin/../lib/gcc/arm-none-eabi/14.2.1/../../../../arm-none-eabi/lib/thumb/v7e-m+fp/hard/crt0.o (exit)
/home/nekida/.config/Code/User/globalStorage/bmd.stm32-for-vscode/@xpack-dev-tools/arm-none-eabi-gcc/14.2.1-1.1.1/.content/bin/../lib/gcc/arm-none-eabi/14.2.1/../../../../arm-none-eabi/lib/thumb/v7e-m+fp/hard/libc_nano.a(libc_a-findfp.o)
                              /home/nekida/.config/Code/User/globalStorage/bmd.stm32-for-vscode/@xpack-dev-tools/arm-none-eabi-gcc/14.2.1-1.1.1/.content/bin/../lib/gcc/arm-none-eabi/14.2.1/../../../../arm-none-eabi/lib/thumb/v7e-m+fp/hard/libc_nano.a(libc_a-exit.o) (__stdio_exit_handler)
/home/nekida/.config/Code/User/globalStorage/bmd.stm32-for-vscode/@xpack-dev-tools/arm-none-eabi-gcc/14.2.1-1.1.1/.content/bin/../lib/gcc/arm-none-eabi/14.2.1/../../../../arm-none-eabi/lib/thumb/v7e-m+fp/hard/libc_nano.a(libc_a-fwalk.o)
                              /home/nekida/.config/Code/User/globalStorage/bmd.stm32-for-vscode/@xpack-dev-tools/arm-none-eabi-gcc/14.2.1-1.1.1/.content/bin/../lib/gcc/arm-none-eabi/14.2.1/../../../../arm-none-eabi/lib/thumb/v7e-m+fp/hard/libc_nano.a(libc_a-findfp.o) (_fwalk_sglue)
/home/nekida/.config/Code/User/globalStorage/bmd.stm32-for-vscode/@xpack-dev-tools/arm-none-eabi-gcc/14.2.1-1.1.1/.content/bin/../lib/gcc/arm-none-eabi/14.2.1/../../../../arm-none-eabi/lib/thumb/v7e-m+fp/hard/libc_nano.a(libc_a-stdio.o)
                              /home/nekida/.config/Code/User/globalStorage/bmd.stm32-for-vscode/@xpack-dev-tools/arm-none-eabi-gcc/14.2.1-1.1.1/.content/bin/../lib/gcc/arm-none-eabi/14.2.1/../../../../arm-none-eabi/lib/thumb/v7e-m+fp/hard/libc_nano.a(libc_a-findfp.o) (__sread)
/home/nekida/.config/Code/User/globalStorage/bmd.stm32-for-vscode/@xpack-dev-tools/arm-none-eabi-gcc/14.2.1-1.1.1/.content/bin/../lib/gcc/arm-none-eabi/14.2.1/../../../../arm-none-eabi/lib/thumb/v7e-m+fp/hard/libc_nano.a(libc_a-memset.o)
                              /home/nekida/.config/Code/User/globalStorage/bmd.stm32-for-vscode/@xpack-dev-tools/arm-none-eabi-gcc/14.2.1-1.1.1/.content/bin/../lib/gcc/arm-none-eabi/14.2.1/../../../../arm-none-eabi/lib/thumb/v7e-m+fp/hard/crt0.o (memset)
/home/nekida/.config/Code/User/globalStorage/bmd.stm32-for-vscode/@xpack-dev-tools/arm-none-eabi-gcc/14.2.1-1.1.1/.content/bin/../lib/gcc/arm-none-eabi/14.2.1/../../../../arm-none-eabi/lib/thumb/v7e-m+fp/hard/libc_nano.a(libc_a-closer.o)
                              /home/nekida/.config/Code/User/globalStorage/bmd.stm32-for-vscode/@xpack-dev-tools/arm-none-eabi-gcc/14.2.1-1.1.1/.content/bin/../lib/gcc/arm-none-eabi/14.2.1/../../../../arm-none-eabi/lib/thumb/v7e-m+fp/hard/libc_nano.a(libc_a-stdio.o) (_close_r)
/home/nekida/.config/Code/User/globalStorage/bmd.stm32-for-vscode/@xpack-dev-tools/arm-none-eabi-gcc/14.2.1-1.1.1/.content/bin/../lib/gcc/arm-none-eabi/14.2.1/../../../../arm-none-eabi/lib/thumb/v7e-m+fp/hard/libc_nano.a(libc_a-reent.o)
                              /home/nekida/.config/Code/User/globalStorage/bmd.stm32-for-vscode/@xpack-dev-tools/arm-none-eabi-gcc/14.2.1-1.1.1/.content/bin/../lib/gcc/arm-none-eabi/14.2.1/../../../../arm-none-eabi/lib/thumb/v7e-m+fp/hard/libc_nano.a(libc_a-closer.o) (errno)
/home/nekida/.config/Code/User/globalStorage/bmd.stm32-for-vscode/@xpack-dev-tools/arm-none-eabi-gcc/14.2.1-1.1.1/.content/bin/../lib/gcc/arm-none-eabi/14.2.1/../../../../arm-none-eabi/lib/thumb/v7e-m+fp/hard/libc_nano.a(libc_a-impure.o)
                              /home/nekida/.config/Code/User/globalStorage/bmd.stm32-for-vscode/@xpack-dev-tools/arm-none-eabi-gcc/14.2.1-1.1.1/.content/bin/../lib/gcc/arm-none-eabi/14.2.1/../../../../arm-none-eabi/lib/thumb/v7e-m+fp/hard/libc_nano.a(libc_a-reent.o) (_impure_ptr)
/home/nekida/.config/Code/User/globalStorage/bmd.stm32-for-vscode/@xpack-dev-tools/arm-none-eabi-gcc/14.2.1-1.1.1/.content/bin/../lib/gcc/arm-none-eabi/14.2.1/../../../../arm-none-eabi/lib/thumb/v7e-m+fp/hard/libc_nano.a(libc_a-lseekr.o)
[...]
Memory Configuration

Name             Origin             Length             Attributes
RAM              0x20000000         0x00020000         xrw
CCMRAM           0x10000000         0x00010000         xrw
FLASH            0x08000000         0x00100000         xr
*default*        0x00000000         0xffffffff

Linker script and memory map

LOAD /home/nekida/.config/Code/User/globalStorage/bmd.stm32-for-vscode/@xpack-dev-tools/arm-none-eabi-gcc/14.2.1-1.1.1/.content/bin/../lib/gcc/arm-none-eabi/14.2.1/thumb/v7e-m+fp/hard/crti.o
LOAD /home/nekida/.config/Code/User/globalStorage/bmd.stm32-for-vscode/@xpack-dev-tools/arm-none-eabi-gcc/14.2.1-1.1.1/.content/bin/../lib/gcc/arm-none-eabi/14.2.1/thumb/v7e-m+fp/hard/crtbegin.o
LOAD /home/nekida/.config/Code/User/globalStorage/bmd.stm32-for-vscode/@xpack-dev-tools/arm-none-eabi-gcc/14.2.1-1.1.1/.content/bin/../lib/gcc/arm-none-eabi/14.2.1/../../../../arm-none-eabi/lib/thumb/v7e-m+fp/hard/crt0.o
LOAD build/debug/gpio.o
LOAD build/debug/main.o
LOAD build/debug/spi.o
LOAD build/debug/stm32f4xx_it.o
LOAD build/debug/stm32f4xx_ll_dma.o
LOAD build/debug/stm32f4xx_ll_exti.o
LOAD build/debug/stm32f4xx_ll_gpio.o
LOAD build/debug/stm32f4xx_ll_rcc.o
LOAD build/debug/stm32f4xx_ll_spi.o
LOAD build/debug/stm32f4xx_ll_utils.o
LOAD build/debug/syscalls.o
LOAD build/debug/sysmem.o
LOAD build/debug/system_stm32f4xx.o
LOAD build/debug/startup_stm32f407xx.o
LOAD /home/nekida/.config/Code/User/globalStorage/bmd.stm32-for-vscode/@xpack-dev-tools/arm-none-eabi-gcc/14.2.1-1.1.1/.content/bin/../lib/gcc/arm-none-eabi/14.2.1/../../../../arm-none-eabi/lib/thumb/v7e-m+fp/hard/libc_nano.a
LOAD /home/nekida/.config/Code/User/globalStorage/bmd.stm32-for-vscode/@xpack-dev-tools/arm-none-eabi-gcc/14.2.1-1.1.1/.content/bin/../lib/gcc/arm-none-eabi/14.2.1/../../../../arm-none-eabi/lib/thumb/v7e-m+fp/hard/libm.a
LOAD /home/nekida/.config/Code/User/globalStorage/bmd.stm32-for-vscode/@xpack-dev-tools/arm-none-eabi-gcc/14.2.1-1.1.1/.content/bin/../lib/gcc/arm-none-eabi/14.2.1/../../../../arm-none-eabi/lib/thumb/v7e-m+fp/hard/libnosys.a
START GROUP
LOAD /home/nekida/.config/Code/User/globalStorage/bmd.stm32-for-vscode/@xpack-dev-tools/arm-none-eabi-gcc/14.2.1-1.1.1/.content/bin/../lib/gcc/arm-none-eabi/14.2.1/thumb/v7e-m+fp/hard/libgcc.a
LOAD /home/nekida/.config/Code/User/globalStorage/bmd.stm32-for-vscode/@xpack-dev-tools/arm-none-eabi-gcc/14.2.1-1.1.1/.content/bin/../lib/gcc/arm-none-eabi/14.2.1/../../../../arm-none-eabi/lib/thumb/v7e-m+fp/hard/libc_nano.a
END GROUP
START GROUP
LOAD /home/nekida/.config/Code/User/globalStorage/bmd.stm32-for-vscode/@xpack-dev-tools/arm-none-eabi-gcc/14.2.1-1.1.1/.content/bin/../lib/gcc/arm-none-eabi/14.2.1/thumb/v7e-m+fp/hard/libgcc.a
LOAD /home/nekida/.config/Code/User/globalStorage/bmd.stm32-for-vscode/@xpack-dev-tools/arm-none-eabi-gcc/14.2.1-1.1.1/.content/bin/../lib/gcc/arm-none-eabi/14.2.1/../../../../arm-none-eabi/lib/thumb/v7e-m+fp/hard/libc_nano.a
END GROUP
LOAD /home/nekida/.config/Code/User/globalStorage/bmd.stm32-for-vscode/@xpack-dev-tools/arm-none-eabi-gcc/14.2.1-1.1.1/.content/bin/../lib/gcc/arm-none-eabi/14.2.1/thumb/v7e-m+fp/hard/crtend.o
LOAD /home/nekida/.config/Code/User/globalStorage/bmd.stm32-for-vscode/@xpack-dev-tools/arm-none-eabi-gcc/14.2.1-1.1.1/.content/bin/../lib/gcc/arm-none-eabi/14.2.1/thumb/v7e-m+fp/hard/crtn.o
                0x20020000                        _estack = (ORIGIN (RAM) + LENGTH (RAM))
                0x00000200                        _Min_Heap_Size = 0x200
                0x00000400                        _Min_Stack_Size = 0x400

.isr_vector     0x08000000      0x188
                0x08000000                        . = ALIGN (0x4)
 *(.isr_vector)
 .isr_vector    0x08000000      0x188 build/debug/startup_stm32f407xx.o
                0x08000000                g_pfnVectors
                0x08000188                        . = ALIGN (0x4)

.text           0x08000188      0x6d4
                0x08000188                        . = ALIGN (0x4)
 *(.text)
 *(.text*)
 .text.__do_global_dtors_aux
                0x08000188       0x24 /home/nekida/.config/Code/User/globalStorage/bmd.stm32-for-vscode/@xpack-dev-tools/arm-none-eabi-gcc/14.2.1-1.1.1/.content/bin/../lib/gcc/arm-none-eabi/14.2.1/thumb/v7e-m+fp/hard/crtbegin.o
 .text.frame_dummy
                0x080001ac       0x1c /home/nekida/.config/Code/User/globalStorage/bmd.stm32-for-vscode/@xpack-dev-tools/arm-none-eabi-gcc/14.2.1-1.1.1/.content/bin/../lib/gcc/arm-none-eabi/14.2.1/thumb/v7e-m+fp/hard/crtbegin.o
 .text.MX_GPIO_Init
                0x080001c8       0x90 build/debug/gpio.o
                0x080001c8                MX_GPIO_Init
 .text.NVIC_EncodePriority
                0x08000258       0x3e build/debug/main.o
 *fill*         0x08000296        0x2 
 .text.SystemClock_Config
                0x08000298       0xd0 build/debug/main.o
                0x08000298                SystemClock_Config
 .text.main     0x08000368       0xe0 build/debug/main.o
                0x08000368                main
 .text.MX_SPI1_Init
                0x08000448       0x9c build/debug/spi.o
                0x08000448                MX_SPI1_Init
 .text.NMI_Handler
                0x080004e4        0x2 build/debug/stm32f4xx_it.o
                0x080004e4                NMI_Handler
 .text.HardFault_Handler
                0x080004e6        0x2 build/debug/stm32f4xx_it.o
                0x080004e6                HardFault_Handler
 .text.MemManage_Handler
                0x080004e8        0x2 build/debug/stm32f4xx_it.o
                0x080004e8                MemManage_Handler
 .text.BusFault_Handler
                0x080004ea        0x2 build/debug/stm32f4xx_it.o
                0x080004ea                BusFault_Handler
 .text.UsageFault_Handler
                0x080004ec        0x2 build/debug/stm32f4xx_it.o
                0x080004ec                UsageFault_Handler
 .text.SVC_Handler
                0x080004ee        0x2 build/debug/stm32f4xx_it.o
                0x080004ee                SVC_Handler
 .text.DebugMon_Handler
                0x080004f0        0x2 build/debug/stm32f4xx_it.o
                0x080004f0                DebugMon_Handler
 .text.PendSV_Handler
                0x080004f2        0x2 build/debug/stm32f4xx_it.o
                0x080004f2                PendSV_Handler
 .text.SysTick_Handler
                0x080004f4        0x2 build/debug/stm32f4xx_it.o
                0x080004f4                SysTick_Handler
 .text.LL_GPIO_SetPinSpeed
                0x080004f6       0x3c build/debug/stm32f4xx_ll_gpio.o
 .text.LL_GPIO_SetPinPull
                0x08000532       0x3c build/debug/stm32f4xx_ll_gpio.o
 .text.LL_GPIO_SetAFPin_0_7
                0x0800056e       0x3c build/debug/stm32f4xx_ll_gpio.o
 .text.LL_GPIO_SetAFPin_8_15
                0x080005aa       0x3e build/debug/stm32f4xx_ll_gpio.o
 .text.LL_GPIO_SetPinMode
                0x080005e8       0x3c build/debug/stm32f4xx_ll_gpio.o
 .text.LL_GPIO_Init
                0x08000624       0x92 build/debug/stm32f4xx_ll_gpio.o
                0x08000624                LL_GPIO_Init
 .text.LL_SPI_Init
                0x080006b6       0x74 build/debug/stm32f4xx_ll_spi.o
                0x080006b6                LL_SPI_Init
 *fill*         0x0800072a        0x2 
 .text.LL_Init1msTick
                0x0800072c       0x20 build/debug/stm32f4xx_ll_utils.o
                0x0800072c                LL_Init1msTick
 .text.LL_mDelay
                0x0800074c       0x2a build/debug/stm32f4xx_ll_utils.o
                0x0800074c                LL_mDelay
 *fill*         0x08000776        0x2 
 .text.LL_SetSystemCoreClock
                0x08000778        0xc build/debug/stm32f4xx_ll_utils.o
                0x08000778                LL_SetSystemCoreClock
 .text.SystemInit
                0x08000784       0x14 build/debug/system_stm32f4xx.o
                0x08000784                SystemInit
 .text.Reset_Handler
                0x08000798       0x50 build/debug/startup_stm32f407xx.o
                0x08000798                Reset_Handler
 .text.Default_Handler
                0x080007e8        0x2 build/debug/startup_stm32f407xx.o
                0x080007e8                RTC_Alarm_IRQHandler
                0x080007e8                HASH_RNG_IRQHandler
                0x080007e8                EXTI2_IRQHandler
                0x080007e8                TIM8_CC_IRQHandler
                0x080007e8                TIM1_CC_IRQHandler
                0x080007e8                DMA2_Stream5_IRQHandler
                0x080007e8                DMA1_Stream5_IRQHandler
                0x080007e8                PVD_IRQHandler
                0x080007e8                SDIO_IRQHandler
                0x080007e8                TAMP_STAMP_IRQHandler
                0x080007e8                CAN2_RX1_IRQHandler
                0x080007e8                EXTI3_IRQHandler
                0x080007e8                TIM8_TRG_COM_TIM14_IRQHandler
                0x080007e8                TIM1_UP_TIM10_IRQHandler
                0x080007e8                TIM8_UP_TIM13_IRQHandler
                0x080007e8                I2C3_ER_IRQHandler
                0x080007e8                EXTI0_IRQHandler
                0x080007e8                I2C2_EV_IRQHandler
                0x080007e8                DMA1_Stream2_IRQHandler
                0x080007e8                CAN1_RX0_IRQHandler
                0x080007e8                FPU_IRQHandler
                0x080007e8                OTG_HS_WKUP_IRQHandler
                0x080007e8                CAN2_SCE_IRQHandler
                0x080007e8                DMA2_Stream2_IRQHandler
                0x080007e8                SPI1_IRQHandler
                0x080007e8                TIM6_DAC_IRQHandler
                0x080007e8                TIM1_BRK_TIM9_IRQHandler
                0x080007e8                DCMI_IRQHandler
                0x080007e8                CAN2_RX0_IRQHandler
                0x080007e8                DMA2_Stream3_IRQHandler
                0x080007e8                USART6_IRQHandler
                0x080007e8                USART3_IRQHandler
                0x080007e8                CAN1_RX1_IRQHandler
                0x080007e8                UART5_IRQHandler
                0x080007e8                DMA2_Stream0_IRQHandler
                0x080007e8                TIM4_IRQHandler
                0x080007e8                I2C1_EV_IRQHandler
                0x080007e8                DMA1_Stream6_IRQHandler
                0x080007e8                DMA1_Stream1_IRQHandler
                0x080007e8                UART4_IRQHandler
                0x080007e8                TIM3_IRQHandler
                0x080007e8                RCC_IRQHandler
                0x080007e8                TIM8_BRK_TIM12_IRQHandler
                0x080007e8                Default_Handler
                0x080007e8                EXTI15_10_IRQHandler
                0x080007e8                ADC_IRQHandler
                0x080007e8                DMA1_Stream7_IRQHandler
                0x080007e8                TIM7_IRQHandler
                0x080007e8                CAN2_TX_IRQHandler
                0x080007e8                TIM5_IRQHandler
                0x080007e8                DMA2_Stream7_IRQHandler
                0x080007e8                I2C3_EV_IRQHandler
                0x080007e8                EXTI9_5_IRQHandler
                0x080007e8                RTC_WKUP_IRQHandler
                0x080007e8                ETH_WKUP_IRQHandler
                0x080007e8                SPI2_IRQHandler
                0x080007e8                OTG_HS_EP1_IN_IRQHandler
                0x080007e8                DMA1_Stream0_IRQHandler
                0x080007e8                CAN1_TX_IRQHandler
                0x080007e8                EXTI4_IRQHandler
                0x080007e8                FSMC_IRQHandler
                0x080007e8                ETH_IRQHandler
                0x080007e8                OTG_HS_EP1_OUT_IRQHandler
                0x080007e8                WWDG_IRQHandler
                0x080007e8                TIM2_IRQHandler
                0x080007e8                OTG_FS_WKUP_IRQHandler
                0x080007e8                TIM1_TRG_COM_TIM11_IRQHandler
                0x080007e8                OTG_HS_IRQHandler
                0x080007e8                EXTI1_IRQHandler
                0x080007e8                USART2_IRQHandler
                0x080007e8                I2C2_ER_IRQHandler
                0x080007e8                DMA2_Stream1_IRQHandler
                0x080007e8                CAN1_SCE_IRQHandler
                0x080007e8                FLASH_IRQHandler
                0x080007e8                DMA2_Stream4_IRQHandler
                0x080007e8                USART1_IRQHandler
                0x080007e8                OTG_FS_IRQHandler
                0x080007e8                SPI3_IRQHandler
                0x080007e8                DMA1_Stream4_IRQHandler
                0x080007e8                I2C1_ER_IRQHandler
                0x080007e8                DMA2_Stream6_IRQHandler
                0x080007e8                DMA1_Stream3_IRQHandler
 .text.memset   0x080007ea       0x10 /home/nekida/.config/Code/User/globalStorage/bmd.stm32-for-vscode/@xpack-dev-tools/arm-none-eabi-gcc/14.2.1-1.1.1/.content/bin/../lib/gcc/arm-none-eabi/14.2.1/../../../../arm-none-eabi/lib/thumb/v7e-m+fp/hard/libc_nano.a(libc_a-memset.o)
                0x080007ea                memset
 *fill*         0x080007fa        0x2 
 .text.__libc_init_array
                0x080007fc       0x48 /home/nekida/.config/Code/User/globalStorage/bmd.stm32-for-vscode/@xpack-dev-tools/arm-none-eabi-gcc/14.2.1-1.1.1/.content/bin/../lib/gcc/arm-none-eabi/14.2.1/../../../../arm-none-eabi/lib/thumb/v7e-m+fp/hard/libc_nano.a(libc_a-init.o)
                0x080007fc                __libc_init_array
 *(.glue_7)
 .glue_7        0x08000844        0x0 linker stubs
 *(.glue_7t)
 .glue_7t       0x08000844        0x0 linker stubs
 *(.eh_frame)
 .eh_frame      0x08000844        0x0 /home/nekida/.config/Code/User/globalStorage/bmd.stm32-for-vscode/@xpack-dev-tools/arm-none-eabi-gcc/14.2.1-1.1.1/.content/bin/../lib/gcc/arm-none-eabi/14.2.1/thumb/v7e-m+fp/hard/crtbegin.o
 *(.init)
 .init          0x08000844        0x4 /home/nekida/.config/Code/User/globalStorage/bmd.stm32-for-vscode/@xpack-dev-tools/arm-none-eabi-gcc/14.2.1-1.1.1/.content/bin/../lib/gcc/arm-none-eabi/14.2.1/thumb/v7e-m+fp/hard/crti.o
                0x08000844                _init
 .init          0x08000848        0x8 /home/nekida/.config/Code/User/globalStorage/bmd.stm32-for-vscode/@xpack-dev-tools/arm-none-eabi-gcc/14.2.1-1.1.1/.content/bin/../lib/gcc/arm-none-eabi/14.2.1/thumb/v7e-m+fp/hard/crtn.o
 *(.fini)
 .fini          0x08000850        0x4 /home/nekida/.config/Code/User/globalStorage/bmd.stm32-for-vscode/@xpack-dev-tools/arm-none-eabi-gcc/14.2.1-1.1.1/.content/bin/../lib/gcc/arm-none-eabi/14.2.1/thumb/v7e-m+fp/hard/crti.o
                0x08000850                _fini
 .fini          0x08000854        0x8 /home/nekida/.config/Code/User/globalStorage/bmd.stm32-for-vscode/@xpack-dev-tools/arm-none-eabi-gcc/14.2.1-1.1.1/.content/bin/../lib/gcc/arm-none-eabi/14.2.1/thumb/v7e-m+fp/hard/crtn.o
                0x0800085c                        . = ALIGN (0x4)
                0x0800085c                        _etext = .

.vfp11_veneer   0x0800085c        0x0
 .vfp11_veneer  0x0800085c        0x0 linker stubs

.v4_bx          0x0800085c        0x0
 .v4_bx         0x0800085c        0x0 linker stubs

.iplt           0x0800085c        0x0
 .iplt          0x0800085c        0x0 /home/nekida/.config/Code/User/globalStorage/bmd.stm32-for-vscode/@xpack-dev-tools/arm-none-eabi-gcc/14.2.1-1.1.1/.content/bin/../lib/gcc/arm-none-eabi/14.2.1/thumb/v7e-m+fp/hard/crtbegin.o

.rodata         0x0800085c        0x0
                0x0800085c                        . = ALIGN (0x4)
 *(.rodata)
 *(.rodata*)
                0x0800085c                        . = ALIGN (0x4)

.ARM.extab      0x0800085c        0x0
                0x0800085c                        . = ALIGN (0x4)
 *(.ARM.extab* .gnu.linkonce.armextab.*)
                0x0800085c                        . = ALIGN (0x4)

.ARM            0x0800085c        0x0
                0x0800085c                        . = ALIGN (0x4)
                0x0800085c                        __exidx_start = .
 *(.ARM.exidx*)
                0x0800085c                        __exidx_end = .
                0x0800085c                        . = ALIGN (0x4)

.preinit_array  0x0800085c        0x0
                0x0800085c                        . = ALIGN (0x4)
                0x0800085c                        PROVIDE (__preinit_array_start = .)
 *(.preinit_array*)
                0x0800085c                        PROVIDE (__preinit_array_end = .)
                0x0800085c                        . = ALIGN (0x4)

.init_array     0x0800085c        0x4
                0x0800085c                        . = ALIGN (0x4)
                0x0800085c                        PROVIDE (__init_array_start = .)
 *(SORT_BY_NAME(.init_array.*))
 *(.init_array*)
 .init_array    0x0800085c        0x4 /home/nekida/.config/Code/User/globalStorage/bmd.stm32-for-vscode/@xpack-dev-tools/arm-none-eabi-gcc/14.2.1-1.1.1/.content/bin/../lib/gcc/arm-none-eabi/14.2.1/thumb/v7e-m+fp/hard/crtbegin.o
                0x08000860                        PROVIDE (__init_array_end = .)
                0x08000860                        . = ALIGN (0x4)

.fini_array     0x08000860        0x4
                0x08000860                        . = ALIGN (0x4)
                0x08000860                        PROVIDE (__fini_array_start = .)
 *(SORT_BY_NAME(.fini_array.*))
 *(.fini_array*)
 .fini_array    0x08000860        0x4 /home/nekida/.config/Code/User/globalStorage/bmd.stm32-for-vscode/@xpack-dev-tools/arm-none-eabi-gcc/14.2.1-1.1.1/.content/bin/../lib/gcc/arm-none-eabi/14.2.1/thumb/v7e-m+fp/hard/crtbegin.o
                0x08000864                        PROVIDE (__fini_array_end = .)
                0x08000864                        . = ALIGN (0x4)
                0x08000864                        _sidata = LOADADDR (.data)

.rel.dyn        0x08000864        0x0
 .rel.iplt      0x08000864        0x0 /home/nekida/.config/Code/User/globalStorage/bmd.stm32-for-vscode/@xpack-dev-tools/arm-none-eabi-gcc/14.2.1-1.1.1/.content/bin/../lib/gcc/arm-none-eabi/14.2.1/thumb/v7e-m+fp/hard/crtbegin.o

.data           0x20000000        0x4 load address 0x08000864
                0x20000000                        . = ALIGN (0x4)
                0x20000000                        _sdata = .
 *(.data)
 *(.data*)
 .data.SystemCoreClock
                0x20000000        0x4 build/debug/system_stm32f4xx.o
                0x20000000                SystemCoreClock
 *(.RamFunc)
 *(.RamFunc*)
                0x20000004                        . = ALIGN (0x4)
                0x20000004                        _edata = .
                0x08000868                        _siccmram = LOADADDR (.ccmram)

.igot.plt       0x20000004        0x0 load address 0x08000868
 .igot.plt      0x20000004        0x0 /home/nekida/.config/Code/User/globalStorage/bmd.stm32-for-vscode/@xpack-dev-tools/arm-none-eabi-gcc/14.2.1-1.1.1/.content/bin/../lib/gcc/arm-none-eabi/14.2.1/thumb/v7e-m+fp/hard/crtbegin.o

.ccmram         0x10000000        0x0 load address 0x08000868
                0x10000000                        . = ALIGN (0x4)
                0x10000000                        _sccmram = .
 *(.ccmram)
 *(.ccmram*)
                0x10000000                        . = ALIGN (0x4)
                0x10000000                        _eccmram = .
                0x10000000                        . = ALIGN (0x4)

.bss            0x20000004       0x1c
                0x20000004                        _sbss = .
                0x20000004                        __bss_start__ = _sbss
 *(.bss)
 *(.bss*)
 .bss.completed.1
                0x20000004        0x1 /home/nekida/.config/Code/User/globalStorage/bmd.stm32-for-vscode/@xpack-dev-tools/arm-none-eabi-gcc/14.2.1-1.1.1/.content/bin/../lib/gcc/arm-none-eabi/14.2.1/thumb/v7e-m+fp/hard/crtbegin.o
 *fill*         0x20000005        0x3 
 .bss.object.0  0x20000008       0x18 /home/nekida/.config/Code/User/globalStorage/bmd.stm32-for-vscode/@xpack-dev-tools/arm-none-eabi-gcc/14.2.1-1.1.1/.content/bin/../lib/gcc/arm-none-eabi/14.2.1/thumb/v7e-m+fp/hard/crtbegin.o
 *(COMMON)
                0x20000020                        . = ALIGN (0x4)
                0x20000020                        _ebss = .
                0x20000020                        __bss_end__ = _ebss

._user_heap_stack
                0x20000020      0x600
                0x20000020                        . = ALIGN (0x8)
                [!provide]                        PROVIDE (end = .)
                0x20000020                        PROVIDE (_end = .)
                0x20000220                        . = (. + _Min_Heap_Size)
 *fill*         0x20000020      0x200 
                0x20000620                        . = (. + _Min_Stack_Size)
 *fill*         0x20000220      0x400 
                0x20000620                        . = ALIGN (0x8)

/DISCARD/
 libc.a(*)
 libm.a(*)
 libgcc.a(*)
OUTPUT(build/debug/Overlay.elf elf32-littlearm)
LOAD linker stubs
LOAD /home/nekida/.config/Code/User/globalStorage/bmd.stm32-for-vscode/@xpack-dev-tools/arm-none-eabi-gcc/14.2.1-1.1.1/.content/bin/../lib/gcc/arm-none-eabi/14.2.1/../../../../arm-none-eabi/lib/thumb/v7e-m+fp/hard/libc.a
LOAD /home/nekida/.config/Code/User/globalStorage/bmd.stm32-for-vscode/@xpack-dev-tools/arm-none-eabi-gcc/14.2.1-1.1.1/.content/bin/../lib/gcc/arm-none-eabi/14.2.1/../../../../arm-none-eabi/lib/thumb/v7e-m+fp/hard/libm.a
LOAD /home/nekida/.config/Code/User/globalStorage/bmd.stm32-for-vscode/@xpack-dev-tools/arm-none-eabi-gcc/14.2.1-1.1.1/.content/bin/../lib/gcc/arm-none-eabi/14.2.1/thumb/v7e-m+fp/hard/libgcc.a

.ARM.attributes
                0x00000000       0x30
 .ARM.attributes
                0x00000000       0x22 /home/nekida/.config/Code/User/globalStorage/bmd.stm32-for-vscode/@xpack-dev-tools/arm-none-eabi-gcc/14.2.1-1.1.1/.content/bin/../lib/gcc/arm-none-eabi/14.2.1/thumb/v7e-m+fp/hard/crti.o
 .ARM.attributes
                0x00000022       0x34 /home/nekida/.config/Code/User/globalStorage/bmd.stm32-for-vscode/@xpack-dev-tools/arm-none-eabi-gcc/14.2.1-1.1.1/.content/bin/../lib/gcc/arm-none-eabi/14.2.1/thumb/v7e-m+fp/hard/crtbegin.o
 .ARM.attributes
                0x00000056       0x34 build/debug/gpio.o
 .ARM.attributes
                0x0000008a       0x34 build/debug/main.o
 .ARM.attributes
                0x000000be       0x34 build/debug/spi.o
 .ARM.attributes
                0x000000f2       0x34 build/debug/stm32f4xx_it.o
 .ARM.attributes
                0x00000126       0x34 build/debug/stm32f4xx_ll_gpio.o
 .ARM.attributes
                0x0000015a       0x34 build/debug/stm32f4xx_ll_spi.o
 .ARM.attributes
                0x0000018e       0x34 build/debug/stm32f4xx_ll_utils.o
 .ARM.attributes
                0x000001c2       0x34 build/debug/system_stm32f4xx.o
 .ARM.attributes
                0x000001f6       0x21 build/debug/startup_stm32f407xx.o
 .ARM.attributes
                0x00000217       0x34 /home/nekida/.config/Code/User/globalStorage/bmd.stm32-for-vscode/@xpack-dev-tools/arm-none-eabi-gcc/14.2.1-1.1.1/.content/bin/../lib/gcc/arm-none-eabi/14.2.1/../../../../arm-none-eabi/lib/thumb/v7e-m+fp/hard/libc_nano.a(libc_a-memset.o)
 .ARM.attributes
                0x0000024b       0x34 /home/nekida/.config/Code/User/globalStorage/bmd.stm32-for-vscode/@xpack-dev-tools/arm-none-eabi-gcc/14.2.1-1.1.1/.content/bin/../lib/gcc/arm-none-eabi/14.2.1/../../../../arm-none-eabi/lib/thumb/v7e-m+fp/hard/libc_nano.a(libc_a-init.o)
 .ARM.attributes
                0x0000027f       0x22 /home/nekida/.config/Code/User/globalStorage/bmd.stm32-for-vscode/@xpack-dev-tools/arm-none-eabi-gcc/14.2.1-1.1.1/.content/bin/../lib/gcc/arm-none-eabi/14.2.1/thumb/v7e-m+fp/hard/crtn.o

.comment        0x00000000       0x39
 .comment       0x00000000       0x39 /home/nekida/.config/Code/User/globalStorage/bmd.stm32-for-vscode/@xpack-dev-tools/arm-none-eabi-gcc/14.2.1-1.1.1/.content/bin/../lib/gcc/arm-none-eabi/14.2.1/thumb/v7e-m+fp/hard/crtbegin.o
                                 0x3a (size before relaxing)
 .comment       0x00000039       0x3a build/debug/gpio.o
 .comment       0x00000039       0x3a build/debug/main.o
 .comment       0x00000039       0x3a build/debug/spi.o
 .comment       0x00000039       0x3a build/debug/stm32f4xx_it.o
 .comment       0x00000039       0x3a build/debug/stm32f4xx_ll_gpio.o
 .comment       0x00000039       0x3a build/debug/stm32f4xx_ll_spi.o
 .comment       0x00000039       0x3a build/debug/stm32f4xx_ll_utils.o
 .comment       0x00000039       0x3a build/debug/system_stm32f4xx.o
 .comment       0x00000039       0x3a /home/nekida/.config/Code/User/globalStorage/bmd.stm32-for-vscode/@xpack-dev-tools/arm-none-eabi-gcc/14.2.1-1.1.1/.content/bin/../lib/gcc/arm-none-eabi/14.2.1/../../../../arm-none-eabi/lib/thumb/v7e-m+fp/hard/libc_nano.a(libc_a-memset.o)
 .comment       0x00000039       0x3a /home/nekida/.config/Code/User/globalStorage/bmd.stm32-for-vscode/@xpack-dev-tools/arm-none-eabi-gcc/14.2.1-1.1.1/.content/bin/../lib/gcc/arm-none-eabi/14.2.1/../../../../arm-none-eabi/lib/thumb/v7e-m+fp/hard/libc_nano.a(libc_a-init.o)

.debug_info     0x00000000     0x452a
 .debug_info    0x00000000      0x52a build/debug/gpio.o
 .debug_info    0x0000052a     0x1099 build/debug/main.o
 .debug_info    0x000015c3      0x65b build/debug/spi.o
 .debug_info    0x00001c1e      0x144 build/debug/stm32f4xx_it.o
 .debug_info    0x00001d62      0xd73 build/debug/stm32f4xx_ll_gpio.o
 .debug_info    0x00002ad5      0x917 build/debug/stm32f4xx_ll_spi.o
 .debug_info    0x000033ec      0xbee build/debug/stm32f4xx_ll_utils.o
 .debug_info    0x00003fda      0x520 build/debug/system_stm32f4xx.o
 .debug_info    0x000044fa       0x30 build/debug/startup_stm32f407xx.o

.debug_abbrev   0x00000000     0x1056
 .debug_abbrev  0x00000000      0x1e3 build/debug/gpio.o
 .debug_abbrev  0x000001e3      0x2b3 build/debug/main.o
 .debug_abbrev  0x00000496      0x1ea build/debug/spi.o
 .debug_abbrev  0x00000680       0x7e build/debug/stm32f4xx_it.o
 .debug_abbrev  0x000006fe      0x2cb build/debug/stm32f4xx_ll_gpio.o
 .debug_abbrev  0x000009c9      0x2d5 build/debug/stm32f4xx_ll_spi.o
 .debug_abbrev  0x00000c9e      0x276 build/debug/stm32f4xx_ll_utils.o
 .debug_abbrev  0x00000f14      0x11e build/debug/system_stm32f4xx.o
 .debug_abbrev  0x00001032       0x24 build/debug/startup_stm32f407xx.o

.debug_loclists
                0x00000000     0x12d1
 .debug_loclists
                0x00000000       0x6d build/debug/gpio.o
 .debug_loclists
                0x0000006d      0x259 build/debug/main.o
 .debug_loclists
                0x000002c6       0x42 build/debug/spi.o
 .debug_loclists
                0x00000308      0x6a3 build/debug/stm32f4xx_ll_gpio.o
 .debug_loclists
                0x000009ab      0x400 build/debug/stm32f4xx_ll_spi.o
 .debug_loclists
                0x00000dab      0x43f build/debug/stm32f4xx_ll_utils.o
 .debug_loclists
                0x000011ea       0xe7 build/debug/system_stm32f4xx.o

.debug_aranges  0x00000000      0x238
 .debug_aranges
                0x00000000       0x20 build/debug/gpio.o
 .debug_aranges
                0x00000020       0x38 build/debug/main.o
 .debug_aranges
                0x00000058       0x20 build/debug/spi.o
 .debug_aranges
                0x00000078       0x60 build/debug/stm32f4xx_it.o
 .debug_aranges
                0x000000d8       0x58 build/debug/stm32f4xx_ll_gpio.o
 .debug_aranges
                0x00000130       0x58 build/debug/stm32f4xx_ll_spi.o
 .debug_aranges
                0x00000188       0x60 build/debug/stm32f4xx_ll_utils.o
 .debug_aranges
                0x000001e8       0x28 build/debug/system_stm32f4xx.o
 .debug_aranges
                0x00000210       0x28 build/debug/startup_stm32f407xx.o

.debug_rnglists
                0x00000000      0x278
 .debug_rnglists
                0x00000000       0x14 build/debug/gpio.o
 .debug_rnglists
                0x00000014       0x27 build/debug/main.o
 .debug_rnglists
                0x0000003b       0x14 build/debug/spi.o
 .debug_rnglists
                0x0000004f       0x43 build/debug/stm32f4xx_it.o
 .debug_rnglists
                0x00000092      0x123 build/debug/stm32f4xx_ll_gpio.o
 .debug_rnglists
                0x000001b5       0x4a build/debug/stm32f4xx_ll_spi.o
 .debug_rnglists
                0x000001ff       0x46 build/debug/stm32f4xx_ll_utils.o
 .debug_rnglists
                0x00000245       0x1a build/debug/system_stm32f4xx.o
 .debug_rnglists
                0x0000025f       0x19 build/debug/startup_stm32f407xx.o

.debug_line     0x00000000     0x2a5d
 .debug_line    0x00000000      0x314 build/debug/gpio.o
 .debug_line    0x00000314      0x635 build/debug/main.o
 .debug_line    0x00000949      0x33f build/debug/spi.o
 .debug_line    0x00000c88      0x289 build/debug/stm32f4xx_it.o
 .debug_line    0x00000f11      0x9b0 build/debug/stm32f4xx_ll_gpio.o
 .debug_line    0x000018c1      0x616 build/debug/stm32f4xx_ll_spi.o
 .debug_line    0x00001ed7      0x82f build/debug/stm32f4xx_ll_utils.o
 .debug_line    0x00002706      0x2e1 build/debug/system_stm32f4xx.o
 .debug_line    0x000029e7       0x76 build/debug/startup_stm32f407xx.o

.debug_str      0x00000000     0x13c4
 .debug_str     0x00000000     0x13c4 build/debug/gpio.o
                                0x39d (size before relaxing)
 .debug_str     0x000013c4      0xbb1 build/debug/main.o
 .debug_str     0x000013c4      0x483 build/debug/spi.o
 .debug_str     0x000013c4      0x229 build/debug/stm32f4xx_it.o
 .debug_str     0x000013c4      0x471 build/debug/stm32f4xx_ll_gpio.o
 .debug_str     0x000013c4      0x56f build/debug/stm32f4xx_ll_spi.o
 .debug_str     0x000013c4      0x6ef build/debug/stm32f4xx_ll_utils.o
 .debug_str     0x000013c4      0x357 build/debug/system_stm32f4xx.o
 .debug_str     0x000013c4       0x6c build/debug/startup_stm32f407xx.o

.debug_frame    0x00000000      0x410
 .debug_frame   0x00000000       0x34 build/debug/gpio.o
 .debug_frame   0x00000034       0x68 build/debug/main.o
 .debug_frame   0x0000009c       0x30 build/debug/spi.o
 .debug_frame   0x000000cc       0xa0 build/debug/stm32f4xx_it.o
 .debug_frame   0x0000016c       0xdc build/debug/stm32f4xx_ll_gpio.o
 .debug_frame   0x00000248       0xc4 build/debug/stm32f4xx_ll_spi.o
 .debug_frame   0x0000030c       0xd4 build/debug/stm32f4xx_ll_utils.o
 .debug_frame   0x000003e0       0x30 build/debug/system_stm32f4xx.o

.debug_line_str
                0x00000000       0x50
 .debug_line_str
                0x00000000       0x50 build/debug/startup_stm32f407xx.o

Cross Reference Table

Symbol                                            File
ADC_IRQHandler                                    build/debug/startup_stm32f407xx.o
AHBPrescTable                                     build/debug/system_stm32f4xx.o
                                                  build/debug/stm32f4xx_ll_utils.o
                                                  build/debug/stm32f4xx_ll_rcc.o
APBPrescTable                                     build/debug/system_stm32f4xx.o
                                                  build/debug/stm32f4xx_ll_rcc.o
BusFault_Handler                                  build/debug/stm32f4xx_it.o
CAN1_RX0_IRQHandler                               build/debug/startup_stm32f407xx.o
CAN1_RX1_IRQHandler                               build/debug/startup_stm32f407xx.o
CAN1_SCE_IRQHandler                               build/debug/startup_stm32f407xx.o
CAN1_TX_IRQHandler                                build/debug/startup_stm32f407xx.o
CAN2_RX0_IRQHandler                               build/debug/startup_stm32f407xx.o
CAN2_RX1_IRQHandler                               build/debug/startup_stm32f407xx.o
CAN2_SCE_IRQHandler                               build/debug/startup_stm32f407xx.o
CAN2_TX_IRQHandler                                build/debug/startup_stm32f407xx.o
DCMI_IRQHandler                                   build/debug/startup_stm32f407xx.o
DMA1_Stream0_IRQHandler                           build/debug/startup_stm32f407xx.o
DMA1_Stream1_IRQHandler                           build/debug/startup_stm32f407xx.o
DMA1_Stream2_IRQHandler                           build/debug/startup_stm32f407xx.o
DMA1_Stream3_IRQHandler                           build/debug/startup_stm32f407xx.o
DMA1_Stream4_IRQHandler                           build/debug/startup_stm32f407xx.o
DMA1_Stream5_IRQHandler                           build/debug/startup_stm32f407xx.o
DMA1_Stream6_IRQHandler                           build/debug/startup_stm32f407xx.o
DMA1_Stream7_IRQHandler                           build/debug/startup_stm32f407xx.o
DMA2_Stream0_IRQHandler                           build/debug/startup_stm32f407xx.o
DMA2_Stream1_IRQHandler                           build/debug/startup_stm32f407xx.o
DMA2_Stream2_IRQHandler                           build/debug/startup_stm32f407xx.o
DMA2_Stream3_IRQHandler                           build/debug/startup_stm32f407xx.o
DMA2_Stream4_IRQHandler                           build/debug/startup_stm32f407xx.o
DMA2_Stream5_IRQHandler                           build/debug/startup_stm32f407xx.o
DMA2_Stream6_IRQHandler                           build/debug/startup_stm32f407xx.o
DMA2_Stream7_IRQHandler                           build/debug/startup_stm32f407xx.o
DebugMon_Handler                                  build/debug/stm32f4xx_it.o
Default_Handler                                   build/debug/startup_stm32f407xx.o
ETH_IRQHandler                                    build/debug/startup_stm32f407xx.o
ETH_WKUP_IRQHandler                               build/debug/startup_stm32f407xx.o
EXTI0_IRQHandler                                  build/debug/startup_stm32f407xx.o
EXTI15_10_IRQHandler                              build/debug/startup_stm32f407xx.o
EXTI1_IRQHandler                                  build/debug/startup_stm32f407xx.o
EXTI2_IRQHandler                                  build/debug/startup_stm32f407xx.o
EXTI3_IRQHandler                                  build/debug/startup_stm32f407xx.o
EXTI4_IRQHandler                                  build/debug/startup_stm32f407xx.o
EXTI9_5_IRQHandler                                build/debug/startup_stm32f407xx.o
Error_Handler                                     build/debug/main.o
FLASH_IRQHandler                                  build/debug/startup_stm32f407xx.o
FPU_IRQHandler                                    build/debug/startup_stm32f407xx.o
FSMC_IRQHandler                                   build/debug/startup_stm32f407xx.o
HASH_RNG_IRQHandler                               build/debug/startup_stm32f407xx.o
HardFault_Handler                                 build/debug/stm32f4xx_it.o
I2C1_ER_IRQHandler                                build/debug/startup_stm32f407xx.o
I2C1_EV_IRQHandler                                build/debug/startup_stm32f407xx.o
I2C2_ER_IRQHandler                                build/debug/startup_stm32f407xx.o
I2C2_EV_IRQHandler                                build/debug/startup_stm32f407xx.o
I2C3_ER_IRQHandler                                build/debug/startup_stm32f407xx.o
I2C3_EV_IRQHandler                                build/debug/startup_stm32f407xx.o
LL_DMA_DeInit                                     build/debug/stm32f4xx_ll_dma.o
LL_DMA_Init                                       build/debug/stm32f4xx_ll_dma.o
LL_DMA_StructInit                                 build/debug/stm32f4xx_ll_dma.o
LL_EXTI_DeInit                                    build/debug/stm32f4xx_ll_exti.o
LL_EXTI_Init                                      build/debug/stm32f4xx_ll_exti.o
LL_EXTI_StructInit                                build/debug/stm32f4xx_ll_exti.o
LL_GPIO_DeInit                                    build/debug/stm32f4xx_ll_gpio.o
LL_GPIO_Init                                      build/debug/stm32f4xx_ll_gpio.o
                                                  build/debug/spi.o
                                                  build/debug/gpio.o
LL_GPIO_StructInit                                build/debug/stm32f4xx_ll_gpio.o
LL_I2S_ConfigPrescaler                            build/debug/stm32f4xx_ll_spi.o
LL_I2S_DeInit                                     build/debug/stm32f4xx_ll_spi.o
LL_I2S_Init                                       build/debug/stm32f4xx_ll_spi.o
LL_I2S_InitFullDuplex                             build/debug/stm32f4xx_ll_spi.o
LL_I2S_StructInit                                 build/debug/stm32f4xx_ll_spi.o
LL_Init1msTick                                    build/debug/stm32f4xx_ll_utils.o
                                                  build/debug/main.o
LL_PLL_ConfigSystemClock_HSE                      build/debug/stm32f4xx_ll_utils.o
LL_PLL_ConfigSystemClock_HSI                      build/debug/stm32f4xx_ll_utils.o
LL_RCC_DeInit                                     build/debug/stm32f4xx_ll_rcc.o
LL_RCC_GetI2SClockFreq                            build/debug/stm32f4xx_ll_rcc.o
                                                  build/debug/stm32f4xx_ll_spi.o
LL_RCC_GetRNGClockFreq                            build/debug/stm32f4xx_ll_rcc.o
LL_RCC_GetSDIOClockFreq                           build/debug/stm32f4xx_ll_rcc.o
LL_RCC_GetSystemClocksFreq                        build/debug/stm32f4xx_ll_rcc.o
LL_RCC_GetUSBClockFreq                            build/debug/stm32f4xx_ll_rcc.o
LL_SPI_DeInit                                     build/debug/stm32f4xx_ll_spi.o
LL_SPI_Init                                       build/debug/stm32f4xx_ll_spi.o
                                                  build/debug/spi.o
LL_SPI_StructInit                                 build/debug/stm32f4xx_ll_spi.o
LL_SetFlashLatency                                build/debug/stm32f4xx_ll_utils.o
LL_SetSystemCoreClock                             build/debug/stm32f4xx_ll_utils.o
                                                  build/debug/main.o
LL_mDelay                                         build/debug/stm32f4xx_ll_utils.o
                                                  build/debug/main.o
MX_GPIO_Init                                      build/debug/gpio.o
                                                  build/debug/main.o
MX_SPI1_Init                                      build/debug/spi.o
                                                  build/debug/main.o
MemManage_Handler                                 build/debug/stm32f4xx_it.o
NMI_Handler                                       build/debug/stm32f4xx_it.o
OTG_FS_IRQHandler                                 build/debug/startup_stm32f407xx.o
OTG_FS_WKUP_IRQHandler                            build/debug/startup_stm32f407xx.o
OTG_HS_EP1_IN_IRQHandler                          build/debug/startup_stm32f407xx.o
OTG_HS_EP1_OUT_IRQHandler                         build/debug/startup_stm32f407xx.o
OTG_HS_IRQHandler                                 build/debug/startup_stm32f407xx.o
OTG_HS_WKUP_IRQHandler                            build/debug/startup_stm32f407xx.o
PVD_IRQHandler                                    build/debug/startup_stm32f407xx.o
PendSV_Handler                                    build/debug/stm32f4xx_it.o
RCC_GetHCLKClockFreq                              build/debug/stm32f4xx_ll_rcc.o
RCC_GetPCLK1ClockFreq                             build/debug/stm32f4xx_ll_rcc.o
RCC_GetPCLK2ClockFreq                             build/debug/stm32f4xx_ll_rcc.o
RCC_GetSystemClockFreq                            build/debug/stm32f4xx_ll_rcc.o
RCC_IRQHandler                                    build/debug/startup_stm32f407xx.o
RCC_PLLI2S_GetFreqDomain_I2S                      build/debug/stm32f4xx_ll_rcc.o
RCC_PLL_GetFreqDomain_48M                         build/debug/stm32f4xx_ll_rcc.o
RCC_PLL_GetFreqDomain_SYS                         build/debug/stm32f4xx_ll_rcc.o
RTC_Alarm_IRQHandler                              build/debug/startup_stm32f407xx.o
RTC_WKUP_IRQHandler                               build/debug/startup_stm32f407xx.o
Reset_Handler                                     build/debug/startup_stm32f407xx.o
SDIO_IRQHandler                                   build/debug/startup_stm32f407xx.o
SPI1_IRQHandler                                   build/debug/startup_stm32f407xx.o
SPI2_IRQHandler                                   build/debug/startup_stm32f407xx.o
SPI3_IRQHandler                                   build/debug/startup_stm32f407xx.o
SVC_Handler                                       build/debug/stm32f4xx_it.o
SysTick_Handler                                   build/debug/stm32f4xx_it.o
SystemClock_Config                                build/debug/main.o
SystemCoreClock                                   build/debug/system_stm32f4xx.o
                                                  build/debug/stm32f4xx_ll_utils.o
SystemCoreClockUpdate                             build/debug/system_stm32f4xx.o
SystemInit                                        build/debug/system_stm32f4xx.o
                                                  build/debug/startup_stm32f407xx.o
TAMP_STAMP_IRQHandler                             build/debug/startup_stm32f407xx.o
TIM1_BRK_TIM9_IRQHandler                          build/debug/startup_stm32f407xx.o
TIM1_CC_IRQHandler                                build/debug/startup_stm32f407xx.o
TIM1_TRG_COM_TIM11_IRQHandler                     build/debug/startup_stm32f407xx.o
TIM1_UP_TIM10_IRQHandler                          build/debug/startup_stm32f407xx.o
TIM2_IRQHandler                                   build/debug/startup_stm32f407xx.o
TIM3_IRQHandler                                   build/debug/startup_stm32f407xx.o
TIM4_IRQHandler                                   build/debug/startup_stm32f407xx.o
TIM5_IRQHandler                                   build/debug/startup_stm32f407xx.o
TIM6_DAC_IRQHandler                               build/debug/startup_stm32f407xx.o
TIM7_IRQHandler                                   build/debug/startup_stm32f407xx.o
TIM8_BRK_TIM12_IRQHandler                         build/debug/startup_stm32f407xx.o
TIM8_CC_IRQHandler                                build/debug/startup_stm32f407xx.o
TIM8_TRG_COM_TIM14_IRQHandler                     build/debug/startup_stm32f407xx.o
TIM8_UP_TIM13_IRQHandler                          build/debug/startup_stm32f407xx.o
UART4_IRQHandler                                  build/debug/startup_stm32f407xx.o
UART5_IRQHandler                                  build/debug/startup_stm32f407xx.o
USART1_IRQHandler                                 build/debug/startup_stm32f407xx.o
USART2_IRQHandler                                 build/debug/startup_stm32f407xx.o
USART3_IRQHandler                                 build/debug/startup_stm32f407xx.o
USART6_IRQHandler                                 build/debug/startup_stm32f407xx.o
UsageFault_Handler                                build/debug/stm32f4xx_it.o
WWDG_IRQHandler                                   build/debug/startup_stm32f407xx.o
_Min_Stack_Size                                   build/debug/sysmem.o
__atexit                                          /home/nekida/.config/Code/User/globalStorage/bmd.stm32-for-vscode/@xpack-dev-tools/arm-none-eabi-gcc/14.2.1-1.1.1/.content/bin/../lib/gcc/arm-none-eabi/14.2.1/../../../../arm-none-eabi/lib/thumb/v7e-m+fp/hard/libc_nano.a(libc_a-__call_atexit.o)
                                                  /home/nekida/.config/Code/User/globalStorage/bmd.stm32-for-vscode/@xpack-dev-tools/arm-none-eabi-gcc/14.2.1-1.1.1/.content/bin/../lib/gcc/arm-none-eabi/14.2.1/../../../../arm-none-eabi/lib/thumb/v7e-m+fp/hard/libc_nano.a(libc_a-__atexit.o)
__atexit0                                         /home/nekida/.config/Code/User/globalStorage/bmd.stm32-for-vscode/@xpack-dev-tools/arm-none-eabi-gcc/14.2.1-1.1.1/.content/bin/../lib/gcc/arm-none-eabi/14.2.1/../../../../arm-none-eabi/lib/thumb/v7e-m+fp/hard/libc_nano.a(libc_a-__atexit.o)
__atexit_dummy                                    /home/nekida/.config/Code/User/globalStorage/bmd.stm32-for-vscode/@xpack-dev-tools/arm-none-eabi-gcc/14.2.1-1.1.1/.content/bin/../lib/gcc/arm-none-eabi/14.2.1/../../../../arm-none-eabi/lib/thumb/v7e-m+fp/hard/libc_nano.a(libc_a-__atexit.o)
__atexit_recursive_mutex                          /home/nekida/.config/Code/User/globalStorage/bmd.stm32-for-vscode/@xpack-dev-tools/arm-none-eabi-gcc/14.2.1-1.1.1/.content/bin/../lib/gcc/arm-none-eabi/14.2.1/../../../../arm-none-eabi/lib/thumb/v7e-m+fp/hard/libc_nano.a(libc_a-__call_atexit.o)
                                                  /home/nekida/.config/Code/User/globalStorage/bmd.stm32-for-vscode/@xpack-dev-tools/arm-none-eabi-gcc/14.2.1-1.1.1/.content/bin/../lib/gcc/arm-none-eabi/14.2.1/../../../../arm-none-eabi/lib/thumb/v7e-m+fp/hard/libc_nano.a(libc_a-__atexit.o)
__bss_end__                                       /home/nekida/.config/Code/User/globalStorage/bmd.stm32-for-vscode/@xpack-dev-tools/arm-none-eabi-gcc/14.2.1-1.1.1/.content/bin/../lib/gcc/arm-none-eabi/14.2.1/../../../../arm-none-eabi/lib/thumb/v7e-m+fp/hard/crt0.o
__bss_start__                                     /home/nekida/.config/Code/User/globalStorage/bmd.stm32-for-vscode/@xpack-dev-tools/arm-none-eabi-gcc/14.2.1-1.1.1/.content/bin/../lib/gcc/arm-none-eabi/14.2.1/../../../../arm-none-eabi/lib/thumb/v7e-m+fp/hard/crt0.o
__call_exitprocs                                  /home/nekida/.config/Code/User/globalStorage/bmd.stm32-for-vscode/@xpack-dev-tools/arm-none-eabi-gcc/14.2.1-1.1.1/.content/bin/../lib/gcc/arm-none-eabi/14.2.1/../../../../arm-none-eabi/lib/thumb/v7e-m+fp/hard/libc_nano.a(libc_a-__call_atexit.o)
                                                  /home/nekida/.config/Code/User/globalStorage/bmd.stm32-for-vscode/@xpack-dev-tools/arm-none-eabi-gcc/14.2.1-1.1.1/.content/bin/../lib/gcc/arm-none-eabi/14.2.1/../../../../arm-none-eabi/lib/thumb/v7e-m+fp/hard/libc_nano.a(libc_a-__atexit.o)
                                                  /home/nekida/.config/Code/User/globalStorage/bmd.stm32-for-vscode/@xpack-dev-tools/arm-none-eabi-gcc/14.2.1-1.1.1/.content/bin/../lib/gcc/arm-none-eabi/14.2.1/../../../../arm-none-eabi/lib/thumb/v7e-m+fp/hard/libc_nano.a(libc_a-exit.o)
__deregister_frame_info                           /home/nekida/.config/Code/User/globalStorage/bmd.stm32-for-vscode/@xpack-dev-tools/arm-none-eabi-gcc/14.2.1-1.1.1/.content/bin/../lib/gcc/arm-none-eabi/14.2.1/thumb/v7e-m+fp/hard/crtbegin.o
__dso_handle                                      /home/nekida/.config/Code/User/globalStorage/bmd.stm32-for-vscode/@xpack-dev-tools/arm-none-eabi-gcc/14.2.1-1.1.1/.content/bin/../lib/gcc/arm-none-eabi/14.2.1/thumb/v7e-m+fp/hard/crtbegin.o
__env                                             build/debug/syscalls.o
__errno                                           /home/nekida/.config/Code/User/globalStorage/bmd.stm32-for-vscode/@xpack-dev-tools/arm-none-eabi-gcc/14.2.1-1.1.1/.content/bin/../lib/gcc/arm-none-eabi/14.2.1/../../../../arm-none-eabi/lib/thumb/v7e-m+fp/hard/libc_nano.a(libc_a-errno.o)
                                                  build/debug/sysmem.o
                                                  build/debug/syscalls.o
__fini_array_end                                  /home/nekida/.config/Code/User/globalStorage/bmd.stm32-for-vscode/@xpack-dev-tools/arm-none-eabi-gcc/14.2.1-1.1.1/.content/bin/../lib/gcc/arm-none-eabi/14.2.1/../../../../arm-none-eabi/lib/thumb/v7e-m+fp/hard/libc_nano.a(libc_a-fini.o)
__fini_array_start                                /home/nekida/.config/Code/User/globalStorage/bmd.stm32-for-vscode/@xpack-dev-tools/arm-none-eabi-gcc/14.2.1-1.1.1/.content/bin/../lib/gcc/arm-none-eabi/14.2.1/../../../../arm-none-eabi/lib/thumb/v7e-m+fp/hard/libc_nano.a(libc_a-fini.o)
__fp_lock_all                                     /home/nekida/.config/Code/User/globalStorage/bmd.stm32-for-vscode/@xpack-dev-tools/arm-none-eabi-gcc/14.2.1-1.1.1/.content/bin/../lib/gcc/arm-none-eabi/14.2.1/../../../../arm-none-eabi/lib/thumb/v7e-m+fp/hard/libc_nano.a(libc_a-findfp.o)
__fp_unlock_all                                   /home/nekida/.config/Code/User/globalStorage/bmd.stm32-for-vscode/@xpack-dev-tools/arm-none-eabi-gcc/14.2.1-1.1.1/.content/bin/../lib/gcc/arm-none-eabi/14.2.1/../../../../arm-none-eabi/lib/thumb/v7e-m+fp/hard/libc_nano.a(libc_a-findfp.o)
__init_array_end                                  /home/nekida/.config/Code/User/globalStorage/bmd.stm32-for-vscode/@xpack-dev-tools/arm-none-eabi-gcc/14.2.1-1.1.1/.content/bin/../lib/gcc/arm-none-eabi/14.2.1/../../../../arm-none-eabi/lib/thumb/v7e-m+fp/hard/libc_nano.a(libc_a-init.o)
__init_array_start                                /home/nekida/.config/Code/User/globalStorage/bmd.stm32-for-vscode/@xpack-dev-tools/arm-none-eabi-gcc/14.2.1-1.1.1/.content/bin/../lib/gcc/arm-none-eabi/14.2.1/../../../../arm-none-eabi/lib/thumb/v7e-m+fp/hard/libc_nano.a(libc_a-init.o)
__io_getchar                                      build/debug/syscalls.o
__io_putchar                                      build/debug/syscalls.o
__libc_fini_array                                 /home/nekida/.config/Code/User/globalStorage/bmd.stm32-for-vscode/@xpack-dev-tools/arm-none-eabi-gcc/14.2.1-1.1.1/.content/bin/../lib/gcc/arm-none-eabi/14.2.1/../../../../arm-none-eabi/lib/thumb/v7e-m+fp/hard/libc_nano.a(libc_a-fini.o)
                                                  /home/nekida/.config/Code/User/globalStorage/bmd.stm32-for-vscode/@xpack-dev-tools/arm-none-eabi-gcc/14.2.1-1.1.1/.content/bin/../lib/gcc/arm-none-eabi/14.2.1/../../../../arm-none-eabi/lib/thumb/v7e-m+fp/hard/crt0.o
__libc_init_array                                 /home/nekida/.config/Code/User/globalStorage/bmd.stm32-for-vscode/@xpack-dev-tools/arm-none-eabi-gcc/14.2.1-1.1.1/.content/bin/../lib/gcc/arm-none-eabi/14.2.1/../../../../arm-none-eabi/lib/thumb/v7e-m+fp/hard/libc_nano.a(libc_a-init.o)
                                                  build/debug/startup_stm32f407xx.o
                                                  /home/nekida/.config/Code/User/globalStorage/bmd.stm32-for-vscode/@xpack-dev-tools/arm-none-eabi-gcc/14.2.1-1.1.1/.content/bin/../lib/gcc/arm-none-eabi/14.2.1/../../../../arm-none-eabi/lib/thumb/v7e-m+fp/hard/crt0.o
__lock___arc4random_mutex                         /home/nekida/.config/Code/User/globalStorage/bmd.stm32-for-vscode/@xpack-dev-tools/arm-none-eabi-gcc/14.2.1-1.1.1/.content/bin/../lib/gcc/arm-none-eabi/14.2.1/../../../../arm-none-eabi/lib/thumb/v7e-m+fp/hard/libc_nano.a(libc_a-lock.o)
__lock___at_quick_exit_mutex                      /home/nekida/.config/Code/User/globalStorage/bmd.stm32-for-vscode/@xpack-dev-tools/arm-none-eabi-gcc/14.2.1-1.1.1/.content/bin/../lib/gcc/arm-none-eabi/14.2.1/../../../../arm-none-eabi/lib/thumb/v7e-m+fp/hard/libc_nano.a(libc_a-lock.o)
__lock___atexit_recursive_mutex                   /home/nekida/.config/Code/User/globalStorage/bmd.stm32-for-vscode/@xpack-dev-tools/arm-none-eabi-gcc/14.2.1-1.1.1/.content/bin/../lib/gcc/arm-none-eabi/14.2.1/../../../../arm-none-eabi/lib/thumb/v7e-m+fp/hard/libc_nano.a(libc_a-lock.o)
                                                  /home/nekida/.config/Code/User/globalStorage/bmd.stm32-for-vscode/@xpack-dev-tools/arm-none-eabi-gcc/14.2.1-1.1.1/.content/bin/../lib/gcc/arm-none-eabi/14.2.1/../../../../arm-none-eabi/lib/thumb/v7e-m+fp/hard/libc_nano.a(libc_a-__call_atexit.o)
__lock___dd_hash_mutex                            /home/nekida/.config/Code/User/globalStorage/bmd.stm32-for-vscode/@xpack-dev-tools/arm-none-eabi-gcc/14.2.1-1.1.1/.content/bin/../lib/gcc/arm-none-eabi/14.2.1/../../../../arm-none-eabi/lib/thumb/v7e-m+fp/hard/libc_nano.a(libc_a-lock.o)
__lock___env_recursive_mutex                      /home/nekida/.config/Code/User/globalStorage/bmd.stm32-for-vscode/@xpack-dev-tools/arm-none-eabi-gcc/14.2.1-1.1.1/.content/bin/../lib/gcc/arm-none-eabi/14.2.1/../../../../arm-none-eabi/lib/thumb/v7e-m+fp/hard/libc_nano.a(libc_a-lock.o)
__lock___malloc_recursive_mutex                   /home/nekida/.config/Code/User/globalStorage/bmd.stm32-for-vscode/@xpack-dev-tools/arm-none-eabi-gcc/14.2.1-1.1.1/.content/bin/../lib/gcc/arm-none-eabi/14.2.1/../../../../arm-none-eabi/lib/thumb/v7e-m+fp/hard/libc_nano.a(libc_a-lock.o)
                                                  /home/nekida/.config/Code/User/globalStorage/bmd.stm32-for-vscode/@xpack-dev-tools/arm-none-eabi-gcc/14.2.1-1.1.1/.content/bin/../lib/gcc/arm-none-eabi/14.2.1/../../../../arm-none-eabi/lib/thumb/v7e-m+fp/hard/libc_nano.a(libc_a-mlock.o)
__lock___sfp_recursive_mutex                      /home/nekida/.config/Code/User/globalStorage/bmd.stm32-for-vscode/@xpack-dev-tools/arm-none-eabi-gcc/14.2.1-1.1.1/.content/bin/../lib/gcc/arm-none-eabi/14.2.1/../../../../arm-none-eabi/lib/thumb/v7e-m+fp/hard/libc_nano.a(libc_a-lock.o)
                                                  /home/nekida/.config/Code/User/globalStorage/bmd.stm32-for-vscode/@xpack-dev-tools/arm-none-eabi-gcc/14.2.1-1.1.1/.content/bin/../lib/gcc/arm-none-eabi/14.2.1/../../../../arm-none-eabi/lib/thumb/v7e-m+fp/hard/libc_nano.a(libc_a-findfp.o)
__lock___tz_mutex                                 /home/nekida/.config/Code/User/globalStorage/bmd.stm32-for-vscode/@xpack-dev-tools/arm-none-eabi-gcc/14.2.1-1.1.1/.content/bin/../lib/gcc/arm-none-eabi/14.2.1/../../../../arm-none-eabi/lib/thumb/v7e-m+fp/hard/libc_nano.a(libc_a-lock.o)
__malloc_free_list                                /home/nekida/.config/Code/User/globalStorage/bmd.stm32-for-vscode/@xpack-dev-tools/arm-none-eabi-gcc/14.2.1-1.1.1/.content/bin/../lib/gcc/arm-none-eabi/14.2.1/../../../../arm-none-eabi/lib/thumb/v7e-m+fp/hard/libc_nano.a(libc_a-mallocr.o)
                                                  /home/nekida/.config/Code/User/globalStorage/bmd.stm32-for-vscode/@xpack-dev-tools/arm-none-eabi-gcc/14.2.1-1.1.1/.content/bin/../lib/gcc/arm-none-eabi/14.2.1/../../../../arm-none-eabi/lib/thumb/v7e-m+fp/hard/libc_nano.a(libc_a-freer.o)
__malloc_lock                                     /home/nekida/.config/Code/User/globalStorage/bmd.stm32-for-vscode/@xpack-dev-tools/arm-none-eabi-gcc/14.2.1-1.1.1/.content/bin/../lib/gcc/arm-none-eabi/14.2.1/../../../../arm-none-eabi/lib/thumb/v7e-m+fp/hard/libc_nano.a(libc_a-mlock.o)
                                                  /home/nekida/.config/Code/User/globalStorage/bmd.stm32-for-vscode/@xpack-dev-tools/arm-none-eabi-gcc/14.2.1-1.1.1/.content/bin/../lib/gcc/arm-none-eabi/14.2.1/../../../../arm-none-eabi/lib/thumb/v7e-m+fp/hard/libc_nano.a(libc_a-mallocr.o)
                                                  /home/nekida/.config/Code/User/globalStorage/bmd.stm32-for-vscode/@xpack-dev-tools/arm-none-eabi-gcc/14.2.1-1.1.1/.content/bin/../lib/gcc/arm-none-eabi/14.2.1/../../../../arm-none-eabi/lib/thumb/v7e-m+fp/hard/libc_nano.a(libc_a-freer.o)
__malloc_sbrk_start                               /home/nekida/.config/Code/User/globalStorage/bmd.stm32-for-vscode/@xpack-dev-tools/arm-none-eabi-gcc/14.2.1-1.1.1/.content/bin/../lib/gcc/arm-none-eabi/14.2.1/../../../../arm-none-eabi/lib/thumb/v7e-m+fp/hard/libc_nano.a(libc_a-mallocr.o)
__malloc_unlock                                   /home/nekida/.config/Code/User/globalStorage/bmd.stm32-for-vscode/@xpack-dev-tools/arm-none-eabi-gcc/14.2.1-1.1.1/.content/bin/../lib/gcc/arm-none-eabi/14.2.1/../../../../arm-none-eabi/lib/thumb/v7e-m+fp/hard/libc_nano.a(libc_a-mlock.o)
                                                  /home/nekida/.config/Code/User/globalStorage/bmd.stm32-for-vscode/@xpack-dev-tools/arm-none-eabi-gcc/14.2.1-1.1.1/.content/bin/../lib/gcc/arm-none-eabi/14.2.1/../../../../arm-none-eabi/lib/thumb/v7e-m+fp/hard/libc_nano.a(libc_a-mallocr.o)
                                                  /home/nekida/.config/Code/User/globalStorage/bmd.stm32-for-vscode/@xpack-dev-tools/arm-none-eabi-gcc/14.2.1-1.1.1/.content/bin/../lib/gcc/arm-none-eabi/14.2.1/../../../../arm-none-eabi/lib/thumb/v7e-m+fp/hard/libc_nano.a(libc_a-freer.o)
__on_exit_args                                    /home/nekida/.config/Code/User/globalStorage/bmd.stm32-for-vscode/@xpack-dev-tools/arm-none-eabi-gcc/14.2.1-1.1.1/.content/bin/../lib/gcc/arm-none-eabi/14.2.1/../../../../arm-none-eabi/lib/thumb/v7e-m+fp/hard/libc_nano.a(libc_a-__atexit.o)
__preinit_array_end                               /home/nekida/.config/Code/User/globalStorage/bmd.stm32-for-vscode/@xpack-dev-tools/arm-none-eabi-gcc/14.2.1-1.1.1/.content/bin/../lib/gcc/arm-none-eabi/14.2.1/../../../../arm-none-eabi/lib/thumb/v7e-m+fp/hard/libc_nano.a(libc_a-init.o)
__preinit_array_start                             /home/nekida/.config/Code/User/globalStorage/bmd.stm32-for-vscode/@xpack-dev-tools/arm-none-eabi-gcc/14.2.1-1.1.1/.content/bin/../lib/gcc/arm-none-eabi/14.2.1/../../../../arm-none-eabi/lib/thumb/v7e-m+fp/hard/libc_nano.a(libc_a-init.o)
__register_exitproc                               /home/nekida/.config/Code/User/globalStorage/bmd.stm32-for-vscode/@xpack-dev-tools/arm-none-eabi-gcc/14.2.1-1.1.1/.content/bin/../lib/gcc/arm-none-eabi/14.2.1/../../../../arm-none-eabi/lib/thumb/v7e-m+fp/hard/libc_nano.a(libc_a-__atexit.o)
                                                  /home/nekida/.config/Code/User/globalStorage/bmd.stm32-for-vscode/@xpack-dev-tools/arm-none-eabi-gcc/14.2.1-1.1.1/.content/bin/../lib/gcc/arm-none-eabi/14.2.1/../../../../arm-none-eabi/lib/thumb/v7e-m+fp/hard/libc_nano.a(libc_a-atexit.o)
__register_frame_info                             /home/nekida/.config/Code/User/globalStorage/bmd.stm32-for-vscode/@xpack-dev-tools/arm-none-eabi-gcc/14.2.1-1.1.1/.content/bin/../lib/gcc/arm-none-eabi/14.2.1/thumb/v7e-m+fp/hard/crtbegin.o
__retarget_lock_acquire                           /home/nekida/.config/Code/User/globalStorage/bmd.stm32-for-vscode/@xpack-dev-tools/arm-none-eabi-gcc/14.2.1-1.1.1/.content/bin/../lib/gcc/arm-none-eabi/14.2.1/../../../../arm-none-eabi/lib/thumb/v7e-m+fp/hard/libc_nano.a(libc_a-lock.o)
__retarget_lock_acquire_recursive                 /home/nekida/.config/Code/User/globalStorage/bmd.stm32-for-vscode/@xpack-dev-tools/arm-none-eabi-gcc/14.2.1-1.1.1/.content/bin/../lib/gcc/arm-none-eabi/14.2.1/../../../../arm-none-eabi/lib/thumb/v7e-m+fp/hard/libc_nano.a(libc_a-lock.o)
                                                  /home/nekida/.config/Code/User/globalStorage/bmd.stm32-for-vscode/@xpack-dev-tools/arm-none-eabi-gcc/14.2.1-1.1.1/.content/bin/../lib/gcc/arm-none-eabi/14.2.1/../../../../arm-none-eabi/lib/thumb/v7e-m+fp/hard/libc_nano.a(libc_a-fflush.o)
                                                  /home/nekida/.config/Code/User/globalStorage/bmd.stm32-for-vscode/@xpack-dev-tools/arm-none-eabi-gcc/14.2.1-1.1.1/.content/bin/../lib/gcc/arm-none-eabi/14.2.1/../../../../arm-none-eabi/lib/thumb/v7e-m+fp/hard/libc_nano.a(libc_a-mlock.o)
                                                  /home/nekida/.config/Code/User/globalStorage/bmd.stm32-for-vscode/@xpack-dev-tools/arm-none-eabi-gcc/14.2.1-1.1.1/.content/bin/../lib/gcc/arm-none-eabi/14.2.1/../../../../arm-none-eabi/lib/thumb/v7e-m+fp/hard/libc_nano.a(libc_a-__call_atexit.o)
                                                  /home/nekida/.config/Code/User/globalStorage/bmd.stm32-for-vscode/@xpack-dev-tools/arm-none-eabi-gcc/14.2.1-1.1.1/.content/bin/../lib/gcc/arm-none-eabi/14.2.1/../../../../arm-none-eabi/lib/thumb/v7e-m+fp/hard/libc_nano.a(libc_a-__atexit.o)
                                                  /home/nekida/.config/Code/User/globalStorage/bmd.stm32-for-vscode/@xpack-dev-tools/arm-none-eabi-gcc/14.2.1-1.1.1/.content/bin/../lib/gcc/arm-none-eabi/14.2.1/../../../../arm-none-eabi/lib/thumb/v7e-m+fp/hard/libc_nano.a(libc_a-findfp.o)
__retarget_lock_close                             /home/nekida/.config/Code/User/globalStorage/bmd.stm32-for-vscode/@xpack-dev-tools/arm-none-eabi-gcc/14.2.1-1.1.1/.content/bin/../lib/gcc/arm-none-eabi/14.2.1/../../../../arm-none-eabi/lib/thumb/v7e-m+fp/hard/libc_nano.a(libc_a-lock.o)
__retarget_lock_close_recursive                   /home/nekida/.config/Code/User/globalStorage/bmd.stm32-for-vscode/@xpack-dev-tools/arm-none-eabi-gcc/14.2.1-1.1.1/.content/bin/../lib/gcc/arm-none-eabi/14.2.1/../../../../arm-none-eabi/lib/thumb/v7e-m+fp/hard/libc_nano.a(libc_a-lock.o)
__retarget_lock_init                              /home/nekida/.config/Code/User/globalStorage/bmd.stm32-for-vscode/@xpack-dev-tools/arm-none-eabi-gcc/14.2.1-1.1.1/.content/bin/../lib/gcc/arm-none-eabi/14.2.1/../../../../arm-none-eabi/lib/thumb/v7e-m+fp/hard/libc_nano.a(libc_a-lock.o)
__retarget_lock_init_recursive                    /home/nekida/.config/Code/User/globalStorage/bmd.stm32-for-vscode/@xpack-dev-tools/arm-none-eabi-gcc/14.2.1-1.1.1/.content/bin/../lib/gcc/arm-none-eabi/14.2.1/../../../../arm-none-eabi/lib/thumb/v7e-m+fp/hard/libc_nano.a(libc_a-lock.o)
                                                  /home/nekida/.config/Code/User/globalStorage/bmd.stm32-for-vscode/@xpack-dev-tools/arm-none-eabi-gcc/14.2.1-1.1.1/.content/bin/../lib/gcc/arm-none-eabi/14.2.1/../../../../arm-none-eabi/lib/thumb/v7e-m+fp/hard/libc_nano.a(libc_a-findfp.o)
__retarget_lock_release                           /home/nekida/.config/Code/User/globalStorage/bmd.stm32-for-vscode/@xpack-dev-tools/arm-none-eabi-gcc/14.2.1-1.1.1/.content/bin/../lib/gcc/arm-none-eabi/14.2.1/../../../../arm-none-eabi/lib/thumb/v7e-m+fp/hard/libc_nano.a(libc_a-lock.o)
__retarget_lock_release_recursive                 /home/nekida/.config/Code/User/globalStorage/bmd.stm32-for-vscode/@xpack-dev-tools/arm-none-eabi-gcc/14.2.1-1.1.1/.content/bin/../lib/gcc/arm-none-eabi/14.2.1/../../../../arm-none-eabi/lib/thumb/v7e-m+fp/hard/libc_nano.a(libc_a-lock.o)
                                                  /home/nekida/.config/Code/User/globalStorage/bmd.stm32-for-vscode/@xpack-dev-tools/arm-none-eabi-gcc/14.2.1-1.1.1/.content/bin/../lib/gcc/arm-none-eabi/14.2.1/../../../../arm-none-eabi/lib/thumb/v7e-m+fp/hard/libc_nano.a(libc_a-fflush.o)
                                                  /home/nekida/.config/Code/User/globalStorage/bmd.stm32-for-vscode/@xpack-dev-tools/arm-none-eabi-gcc/14.2.1-1.1.1/.content/bin/../lib/gcc/arm-none-eabi/14.2.1/../../../../arm-none-eabi/lib/thumb/v7e-m+fp/hard/libc_nano.a(libc_a-mlock.o)
                                                  /home/nekida/.config/Code/User/globalStorage/bmd.stm32-for-vscode/@xpack-dev-tools/arm-none-eabi-gcc/14.2.1-1.1.1/.content/bin/../lib/gcc/arm-none-eabi/14.2.1/../../../../arm-none-eabi/lib/thumb/v7e-m+fp/hard/libc_nano.a(libc_a-__call_atexit.o)
                                                  /home/nekida/.config/Code/User/globalStorage/bmd.stm32-for-vscode/@xpack-dev-tools/arm-none-eabi-gcc/14.2.1-1.1.1/.content/bin/../lib/gcc/arm-none-eabi/14.2.1/../../../../arm-none-eabi/lib/thumb/v7e-m+fp/hard/libc_nano.a(libc_a-__atexit.o)
                                                  /home/nekida/.config/Code/User/globalStorage/bmd.stm32-for-vscode/@xpack-dev-tools/arm-none-eabi-gcc/14.2.1-1.1.1/.content/bin/../lib/gcc/arm-none-eabi/14.2.1/../../../../arm-none-eabi/lib/thumb/v7e-m+fp/hard/libc_nano.a(libc_a-findfp.o)
__retarget_lock_try_acquire                       /home/nekida/.config/Code/User/globalStorage/bmd.stm32-for-vscode/@xpack-dev-tools/arm-none-eabi-gcc/14.2.1-1.1.1/.content/bin/../lib/gcc/arm-none-eabi/14.2.1/../../../../arm-none-eabi/lib/thumb/v7e-m+fp/hard/libc_nano.a(libc_a-lock.o)
__retarget_lock_try_acquire_recursive             /home/nekida/.config/Code/User/globalStorage/bmd.stm32-for-vscode/@xpack-dev-tools/arm-none-eabi-gcc/14.2.1-1.1.1/.content/bin/../lib/gcc/arm-none-eabi/14.2.1/../../../../arm-none-eabi/lib/thumb/v7e-m+fp/hard/libc_nano.a(libc_a-lock.o)
__sclose                                          /home/nekida/.config/Code/User/globalStorage/bmd.stm32-for-vscode/@xpack-dev-tools/arm-none-eabi-gcc/14.2.1-1.1.1/.content/bin/../lib/gcc/arm-none-eabi/14.2.1/../../../../arm-none-eabi/lib/thumb/v7e-m+fp/hard/libc_nano.a(libc_a-stdio.o)
                                                  /home/nekida/.config/Code/User/globalStorage/bmd.stm32-for-vscode/@xpack-dev-tools/arm-none-eabi-gcc/14.2.1-1.1.1/.content/bin/../lib/gcc/arm-none-eabi/14.2.1/../../../../arm-none-eabi/lib/thumb/v7e-m+fp/hard/libc_nano.a(libc_a-findfp.o)
__seofread                                        /home/nekida/.config/Code/User/globalStorage/bmd.stm32-for-vscode/@xpack-dev-tools/arm-none-eabi-gcc/14.2.1-1.1.1/.content/bin/../lib/gcc/arm-none-eabi/14.2.1/../../../../arm-none-eabi/lib/thumb/v7e-m+fp/hard/libc_nano.a(libc_a-stdio.o)
__sf                                              /home/nekida/.config/Code/User/globalStorage/bmd.stm32-for-vscode/@xpack-dev-tools/arm-none-eabi-gcc/14.2.1-1.1.1/.content/bin/../lib/gcc/arm-none-eabi/14.2.1/../../../../arm-none-eabi/lib/thumb/v7e-m+fp/hard/libc_nano.a(libc_a-findfp.o)
                                                  /home/nekida/.config/Code/User/globalStorage/bmd.stm32-for-vscode/@xpack-dev-tools/arm-none-eabi-gcc/14.2.1-1.1.1/.content/bin/../lib/gcc/arm-none-eabi/14.2.1/../../../../arm-none-eabi/lib/thumb/v7e-m+fp/hard/libc_nano.a(libc_a-impure.o)
__sflush_r                                        /home/nekida/.config/Code/User/globalStorage/bmd.stm32-for-vscode/@xpack-dev-tools/arm-none-eabi-gcc/14.2.1-1.1.1/.content/bin/../lib/gcc/arm-none-eabi/14.2.1/../../../../arm-none-eabi/lib/thumb/v7e-m+fp/hard/libc_nano.a(libc_a-fflush.o)
__sfp                                             /home/nekida/.config/Code/User/globalStorage/bmd.stm32-for-vscode/@xpack-dev-tools/arm-none-eabi-gcc/14.2.1-1.1.1/.content/bin/../lib/gcc/arm-none-eabi/14.2.1/../../../../arm-none-eabi/lib/thumb/v7e-m+fp/hard/libc_nano.a(libc_a-findfp.o)
__sfp_lock_acquire                                /home/nekida/.config/Code/User/globalStorage/bmd.stm32-for-vscode/@xpack-dev-tools/arm-none-eabi-gcc/14.2.1-1.1.1/.content/bin/../lib/gcc/arm-none-eabi/14.2.1/../../../../arm-none-eabi/lib/thumb/v7e-m+fp/hard/libc_nano.a(libc_a-findfp.o)
__sfp_lock_release                                /home/nekida/.config/Code/User/globalStorage/bmd.stm32-for-vscode/@xpack-dev-tools/arm-none-eabi-gcc/14.2.1-1.1.1/.content/bin/../lib/gcc/arm-none-eabi/14.2.1/../../../../arm-none-eabi/lib/thumb/v7e-m+fp/hard/libc_nano.a(libc_a-findfp.o)
__sglue                                           /home/nekida/.config/Code/User/globalStorage/bmd.stm32-for-vscode/@xpack-dev-tools/arm-none-eabi-gcc/14.2.1-1.1.1/.content/bin/../lib/gcc/arm-none-eabi/14.2.1/../../../../arm-none-eabi/lib/thumb/v7e-m+fp/hard/libc_nano.a(libc_a-findfp.o)
                                                  /home/nekida/.config/Code/User/globalStorage/bmd.stm32-for-vscode/@xpack-dev-tools/arm-none-eabi-gcc/14.2.1-1.1.1/.content/bin/../lib/gcc/arm-none-eabi/14.2.1/../../../../arm-none-eabi/lib/thumb/v7e-m+fp/hard/libc_nano.a(libc_a-fflush.o)
__sinit                                           /home/nekida/.config/Code/User/globalStorage/bmd.stm32-for-vscode/@xpack-dev-tools/arm-none-eabi-gcc/14.2.1-1.1.1/.content/bin/../lib/gcc/arm-none-eabi/14.2.1/../../../../arm-none-eabi/lib/thumb/v7e-m+fp/hard/libc_nano.a(libc_a-findfp.o)
                                                  /home/nekida/.config/Code/User/globalStorage/bmd.stm32-for-vscode/@xpack-dev-tools/arm-none-eabi-gcc/14.2.1-1.1.1/.content/bin/../lib/gcc/arm-none-eabi/14.2.1/../../../../arm-none-eabi/lib/thumb/v7e-m+fp/hard/libc_nano.a(libc_a-fflush.o)
__sread                                           /home/nekida/.config/Code/User/globalStorage/bmd.stm32-for-vscode/@xpack-dev-tools/arm-none-eabi-gcc/14.2.1-1.1.1/.content/bin/../lib/gcc/arm-none-eabi/14.2.1/../../../../arm-none-eabi/lib/thumb/v7e-m+fp/hard/libc_nano.a(libc_a-stdio.o)
                                                  /home/nekida/.config/Code/User/globalStorage/bmd.stm32-for-vscode/@xpack-dev-tools/arm-none-eabi-gcc/14.2.1-1.1.1/.content/bin/../lib/gcc/arm-none-eabi/14.2.1/../../../../arm-none-eabi/lib/thumb/v7e-m+fp/hard/libc_nano.a(libc_a-findfp.o)
__sseek                                           /home/nekida/.config/Code/User/globalStorage/bmd.stm32-for-vscode/@xpack-dev-tools/arm-none-eabi-gcc/14.2.1-1.1.1/.content/bin/../lib/gcc/arm-none-eabi/14.2.1/../../../../arm-none-eabi/lib/thumb/v7e-m+fp/hard/libc_nano.a(libc_a-stdio.o)
                                                  /home/nekida/.config/Code/User/globalStorage/bmd.stm32-for-vscode/@xpack-dev-tools/arm-none-eabi-gcc/14.2.1-1.1.1/.content/bin/../lib/gcc/arm-none-eabi/14.2.1/../../../../arm-none-eabi/lib/thumb/v7e-m+fp/hard/libc_nano.a(libc_a-findfp.o)
__stack                                           /home/nekida/.config/Code/User/globalStorage/bmd.stm32-for-vscode/@xpack-dev-tools/arm-none-eabi-gcc/14.2.1-1.1.1/.content/bin/../lib/gcc/arm-none-eabi/14.2.1/../../../../arm-none-eabi/lib/thumb/v7e-m+fp/hard/crt0.o
__stdio_exit_handler                              /home/nekida/.config/Code/User/globalStorage/bmd.stm32-for-vscode/@xpack-dev-tools/arm-none-eabi-gcc/14.2.1-1.1.1/.content/bin/../lib/gcc/arm-none-eabi/14.2.1/../../../../arm-none-eabi/lib/thumb/v7e-m+fp/hard/libc_nano.a(libc_a-findfp.o)
                                                  /home/nekida/.config/Code/User/globalStorage/bmd.stm32-for-vscode/@xpack-dev-tools/arm-none-eabi-gcc/14.2.1-1.1.1/.content/bin/../lib/gcc/arm-none-eabi/14.2.1/../../../../arm-none-eabi/lib/thumb/v7e-m+fp/hard/libc_nano.a(libc_a-exit.o)
__swrite                                          /home/nekida/.config/Code/User/globalStorage/bmd.stm32-for-vscode/@xpack-dev-tools/arm-none-eabi-gcc/14.2.1-1.1.1/.content/bin/../lib/gcc/arm-none-eabi/14.2.1/../../../../arm-none-eabi/lib/thumb/v7e-m+fp/hard/libc_nano.a(libc_a-stdio.o)
                                                  /home/nekida/.config/Code/User/globalStorage/bmd.stm32-for-vscode/@xpack-dev-tools/arm-none-eabi-gcc/14.2.1-1.1.1/.content/bin/../lib/gcc/arm-none-eabi/14.2.1/../../../../arm-none-eabi/lib/thumb/v7e-m+fp/hard/libc_nano.a(libc_a-findfp.o)
_close                                            build/debug/syscalls.o
                                                  /home/nekida/.config/Code/User/globalStorage/bmd.stm32-for-vscode/@xpack-dev-tools/arm-none-eabi-gcc/14.2.1-1.1.1/.content/bin/../lib/gcc/arm-none-eabi/14.2.1/../../../../arm-none-eabi/lib/thumb/v7e-m+fp/hard/libc_nano.a(libc_a-closer.o)
_close_r                                          /home/nekida/.config/Code/User/globalStorage/bmd.stm32-for-vscode/@xpack-dev-tools/arm-none-eabi-gcc/14.2.1-1.1.1/.content/bin/../lib/gcc/arm-none-eabi/14.2.1/../../../../arm-none-eabi/lib/thumb/v7e-m+fp/hard/libc_nano.a(libc_a-closer.o)
                                                  /home/nekida/.config/Code/User/globalStorage/bmd.stm32-for-vscode/@xpack-dev-tools/arm-none-eabi-gcc/14.2.1-1.1.1/.content/bin/../lib/gcc/arm-none-eabi/14.2.1/../../../../arm-none-eabi/lib/thumb/v7e-m+fp/hard/libc_nano.a(libc_a-stdio.o)
_ebss                                             build/debug/startup_stm32f407xx.o
_edata                                            build/debug/startup_stm32f407xx.o
_end                                              build/debug/sysmem.o
_estack                                           build/debug/startup_stm32f407xx.o
                                                  build/debug/sysmem.o
_execve                                           build/debug/syscalls.o
_exit                                             build/debug/syscalls.o
                                                  /home/nekida/.config/Code/User/globalStorage/bmd.stm32-for-vscode/@xpack-dev-tools/arm-none-eabi-gcc/14.2.1-1.1.1/.content/bin/../lib/gcc/arm-none-eabi/14.2.1/../../../../arm-none-eabi/lib/thumb/v7e-m+fp/hard/libc_nano.a(libc_a-exit.o)
_fflush_r                                         /home/nekida/.config/Code/User/globalStorage/bmd.stm32-for-vscode/@xpack-dev-tools/arm-none-eabi-gcc/14.2.1-1.1.1/.content/bin/../lib/gcc/arm-none-eabi/14.2.1/../../../../arm-none-eabi/lib/thumb/v7e-m+fp/hard/libc_nano.a(libc_a-fflush.o)
                                                  /home/nekida/.config/Code/User/globalStorage/bmd.stm32-for-vscode/@xpack-dev-tools/arm-none-eabi-gcc/14.2.1-1.1.1/.content/bin/../lib/gcc/arm-none-eabi/14.2.1/../../../../arm-none-eabi/lib/thumb/v7e-m+fp/hard/libc_nano.a(libc_a-findfp.o)
_fini                                             /home/nekida/.config/Code/User/globalStorage/bmd.stm32-for-vscode/@xpack-dev-tools/arm-none-eabi-gcc/14.2.1-1.1.1/.content/bin/../lib/gcc/arm-none-eabi/14.2.1/thumb/v7e-m+fp/hard/crti.o
                                                  /home/nekida/.config/Code/User/globalStorage/bmd.stm32-for-vscode/@xpack-dev-tools/arm-none-eabi-gcc/14.2.1-1.1.1/.content/bin/../lib/gcc/arm-none-eabi/14.2.1/../../../../arm-none-eabi/lib/thumb/v7e-m+fp/hard/libc_nano.a(libc_a-fini.o)
_fork                                             build/debug/syscalls.o
_free_r                                           /home/nekida/.config/Code/User/globalStorage/bmd.stm32-for-vscode/@xpack-dev-tools/arm-none-eabi-gcc/14.2.1-1.1.1/.content/bin/../lib/gcc/arm-none-eabi/14.2.1/../../../../arm-none-eabi/lib/thumb/v7e-m+fp/hard/libc_nano.a(libc_a-freer.o)
                                                  /home/nekida/.config/Code/User/globalStorage/bmd.stm32-for-vscode/@xpack-dev-tools/arm-none-eabi-gcc/14.2.1-1.1.1/.content/bin/../lib/gcc/arm-none-eabi/14.2.1/../../../../arm-none-eabi/lib/thumb/v7e-m+fp/hard/libc_nano.a(libc_a-fflush.o)
                                                  /home/nekida/.config/Code/User/globalStorage/bmd.stm32-for-vscode/@xpack-dev-tools/arm-none-eabi-gcc/14.2.1-1.1.1/.content/bin/../lib/gcc/arm-none-eabi/14.2.1/../../../../arm-none-eabi/lib/thumb/v7e-m+fp/hard/libc_nano.a(libc_a-reent.o)
_fstat                                            build/debug/syscalls.o
_fwalk_sglue                                      /home/nekida/.config/Code/User/globalStorage/bmd.stm32-for-vscode/@xpack-dev-tools/arm-none-eabi-gcc/14.2.1-1.1.1/.content/bin/../lib/gcc/arm-none-eabi/14.2.1/../../../../arm-none-eabi/lib/thumb/v7e-m+fp/hard/libc_nano.a(libc_a-fwalk.o)
                                                  /home/nekida/.config/Code/User/globalStorage/bmd.stm32-for-vscode/@xpack-dev-tools/arm-none-eabi-gcc/14.2.1-1.1.1/.content/bin/../lib/gcc/arm-none-eabi/14.2.1/../../../../arm-none-eabi/lib/thumb/v7e-m+fp/hard/libc_nano.a(libc_a-fflush.o)
                                                  /home/nekida/.config/Code/User/globalStorage/bmd.stm32-for-vscode/@xpack-dev-tools/arm-none-eabi-gcc/14.2.1-1.1.1/.content/bin/../lib/gcc/arm-none-eabi/14.2.1/../../../../arm-none-eabi/lib/thumb/v7e-m+fp/hard/libc_nano.a(libc_a-findfp.o)
_getpid                                           build/debug/syscalls.o
_impure_data                                      /home/nekida/.config/Code/User/globalStorage/bmd.stm32-for-vscode/@xpack-dev-tools/arm-none-eabi-gcc/14.2.1-1.1.1/.content/bin/../lib/gcc/arm-none-eabi/14.2.1/../../../../arm-none-eabi/lib/thumb/v7e-m+fp/hard/libc_nano.a(libc_a-impure.o)
                                                  /home/nekida/.config/Code/User/globalStorage/bmd.stm32-for-vscode/@xpack-dev-tools/arm-none-eabi-gcc/14.2.1-1.1.1/.content/bin/../lib/gcc/arm-none-eabi/14.2.1/../../../../arm-none-eabi/lib/thumb/v7e-m+fp/hard/libc_nano.a(libc_a-fflush.o)
                                                  /home/nekida/.config/Code/User/globalStorage/bmd.stm32-for-vscode/@xpack-dev-tools/arm-none-eabi-gcc/14.2.1-1.1.1/.content/bin/../lib/gcc/arm-none-eabi/14.2.1/../../../../arm-none-eabi/lib/thumb/v7e-m+fp/hard/libc_nano.a(libc_a-findfp.o)
_impure_ptr                                       /home/nekida/.config/Code/User/globalStorage/bmd.stm32-for-vscode/@xpack-dev-tools/arm-none-eabi-gcc/14.2.1-1.1.1/.content/bin/../lib/gcc/arm-none-eabi/14.2.1/../../../../arm-none-eabi/lib/thumb/v7e-m+fp/hard/libc_nano.a(libc_a-impure.o)
                                                  /home/nekida/.config/Code/User/globalStorage/bmd.stm32-for-vscode/@xpack-dev-tools/arm-none-eabi-gcc/14.2.1-1.1.1/.content/bin/../lib/gcc/arm-none-eabi/14.2.1/../../../../arm-none-eabi/lib/thumb/v7e-m+fp/hard/libc_nano.a(libc_a-fflush.o)
                                                  /home/nekida/.config/Code/User/globalStorage/bmd.stm32-for-vscode/@xpack-dev-tools/arm-none-eabi-gcc/14.2.1-1.1.1/.content/bin/../lib/gcc/arm-none-eabi/14.2.1/../../../../arm-none-eabi/lib/thumb/v7e-m+fp/hard/libc_nano.a(libc_a-errno.o)
                                                  /home/nekida/.config/Code/User/globalStorage/bmd.stm32-for-vscode/@xpack-dev-tools/arm-none-eabi-gcc/14.2.1-1.1.1/.content/bin/../lib/gcc/arm-none-eabi/14.2.1/../../../../arm-none-eabi/lib/thumb/v7e-m+fp/hard/libc_nano.a(libc_a-reent.o)
_init                                             /home/nekida/.config/Code/User/globalStorage/bmd.stm32-for-vscode/@xpack-dev-tools/arm-none-eabi-gcc/14.2.1-1.1.1/.content/bin/../lib/gcc/arm-none-eabi/14.2.1/thumb/v7e-m+fp/hard/crti.o
                                                  /home/nekida/.config/Code/User/globalStorage/bmd.stm32-for-vscode/@xpack-dev-tools/arm-none-eabi-gcc/14.2.1-1.1.1/.content/bin/../lib/gcc/arm-none-eabi/14.2.1/../../../../arm-none-eabi/lib/thumb/v7e-m+fp/hard/libc_nano.a(libc_a-init.o)
_isatty                                           build/debug/syscalls.o
_kill                                             build/debug/syscalls.o
_link                                             build/debug/syscalls.o
_lseek                                            build/debug/syscalls.o
                                                  /home/nekida/.config/Code/User/globalStorage/bmd.stm32-for-vscode/@xpack-dev-tools/arm-none-eabi-gcc/14.2.1-1.1.1/.content/bin/../lib/gcc/arm-none-eabi/14.2.1/../../../../arm-none-eabi/lib/thumb/v7e-m+fp/hard/libc_nano.a(libc_a-lseekr.o)
_lseek_r                                          /home/nekida/.config/Code/User/globalStorage/bmd.stm32-for-vscode/@xpack-dev-tools/arm-none-eabi-gcc/14.2.1-1.1.1/.content/bin/../lib/gcc/arm-none-eabi/14.2.1/../../../../arm-none-eabi/lib/thumb/v7e-m+fp/hard/libc_nano.a(libc_a-lseekr.o)
                                                  /home/nekida/.config/Code/User/globalStorage/bmd.stm32-for-vscode/@xpack-dev-tools/arm-none-eabi-gcc/14.2.1-1.1.1/.content/bin/../lib/gcc/arm-none-eabi/14.2.1/../../../../arm-none-eabi/lib/thumb/v7e-m+fp/hard/libc_nano.a(libc_a-stdio.o)
_mainCRTStartup                                   /home/nekida/.config/Code/User/globalStorage/bmd.stm32-for-vscode/@xpack-dev-tools/arm-none-eabi-gcc/14.2.1-1.1.1/.content/bin/../lib/gcc/arm-none-eabi/14.2.1/../../../../arm-none-eabi/lib/thumb/v7e-m+fp/hard/crt0.o
_malloc_r                                         /home/nekida/.config/Code/User/globalStorage/bmd.stm32-for-vscode/@xpack-dev-tools/arm-none-eabi-gcc/14.2.1-1.1.1/.content/bin/../lib/gcc/arm-none-eabi/14.2.1/../../../../arm-none-eabi/lib/thumb/v7e-m+fp/hard/libc_nano.a(libc_a-mallocr.o)
                                                  /home/nekida/.config/Code/User/globalStorage/bmd.stm32-for-vscode/@xpack-dev-tools/arm-none-eabi-gcc/14.2.1-1.1.1/.content/bin/../lib/gcc/arm-none-eabi/14.2.1/../../../../arm-none-eabi/lib/thumb/v7e-m+fp/hard/libc_nano.a(libc_a-findfp.o)
_open                                             build/debug/syscalls.o
_read                                             build/debug/syscalls.o
                                                  /home/nekida/.config/Code/User/globalStorage/bmd.stm32-for-vscode/@xpack-dev-tools/arm-none-eabi-gcc/14.2.1-1.1.1/.content/bin/../lib/gcc/arm-none-eabi/14.2.1/../../../../arm-none-eabi/lib/thumb/v7e-m+fp/hard/libc_nano.a(libc_a-readr.o)
_read_r                                           /home/nekida/.config/Code/User/globalStorage/bmd.stm32-for-vscode/@xpack-dev-tools/arm-none-eabi-gcc/14.2.1-1.1.1/.content/bin/../lib/gcc/arm-none-eabi/14.2.1/../../../../arm-none-eabi/lib/thumb/v7e-m+fp/hard/libc_nano.a(libc_a-readr.o)
                                                  /home/nekida/.config/Code/User/globalStorage/bmd.stm32-for-vscode/@xpack-dev-tools/arm-none-eabi-gcc/14.2.1-1.1.1/.content/bin/../lib/gcc/arm-none-eabi/14.2.1/../../../../arm-none-eabi/lib/thumb/v7e-m+fp/hard/libc_nano.a(libc_a-stdio.o)
_reclaim_reent                                    /home/nekida/.config/Code/User/globalStorage/bmd.stm32-for-vscode/@xpack-dev-tools/arm-none-eabi-gcc/14.2.1-1.1.1/.content/bin/../lib/gcc/arm-none-eabi/14.2.1/../../../../arm-none-eabi/lib/thumb/v7e-m+fp/hard/libc_nano.a(libc_a-reent.o)
_sbrk                                             build/debug/sysmem.o
                                                  /home/nekida/.config/Code/User/globalStorage/bmd.stm32-for-vscode/@xpack-dev-tools/arm-none-eabi-gcc/14.2.1-1.1.1/.content/bin/../lib/gcc/arm-none-eabi/14.2.1/../../../../arm-none-eabi/lib/thumb/v7e-m+fp/hard/libc_nano.a(libc_a-sbrkr.o)
_sbrk_r                                           /home/nekida/.config/Code/User/globalStorage/bmd.stm32-for-vscode/@xpack-dev-tools/arm-none-eabi-gcc/14.2.1-1.1.1/.content/bin/../lib/gcc/arm-none-eabi/14.2.1/../../../../arm-none-eabi/lib/thumb/v7e-m+fp/hard/libc_nano.a(libc_a-sbrkr.o)
                                                  /home/nekida/.config/Code/User/globalStorage/bmd.stm32-for-vscode/@xpack-dev-tools/arm-none-eabi-gcc/14.2.1-1.1.1/.content/bin/../lib/gcc/arm-none-eabi/14.2.1/../../../../arm-none-eabi/lib/thumb/v7e-m+fp/hard/libc_nano.a(libc_a-mallocr.o)
_sbss                                             build/debug/startup_stm32f407xx.o
_sdata                                            build/debug/startup_stm32f407xx.o
_sidata                                           build/debug/startup_stm32f407xx.o
_stack_init                                       /home/nekida/.config/Code/User/globalStorage/bmd.stm32-for-vscode/@xpack-dev-tools/arm-none-eabi-gcc/14.2.1-1.1.1/.content/bin/../lib/gcc/arm-none-eabi/14.2.1/../../../../arm-none-eabi/lib/thumb/v7e-m+fp/hard/crt0.o
_start                                            /home/nekida/.config/Code/User/globalStorage/bmd.stm32-for-vscode/@xpack-dev-tools/arm-none-eabi-gcc/14.2.1-1.1.1/.content/bin/../lib/gcc/arm-none-eabi/14.2.1/../../../../arm-none-eabi/lib/thumb/v7e-m+fp/hard/crt0.o
_stat                                             build/debug/syscalls.o
_times                                            build/debug/syscalls.o
_unlink                                           build/debug/syscalls.o
_wait                                             build/debug/syscalls.o
_write                                            build/debug/syscalls.o
                                                  /home/nekida/.config/Code/User/globalStorage/bmd.stm32-for-vscode/@xpack-dev-tools/arm-none-eabi-gcc/14.2.1-1.1.1/.content/bin/../lib/gcc/arm-none-eabi/14.2.1/../../../../arm-none-eabi/lib/thumb/v7e-m+fp/hard/libc_nano.a(libc_a-writer.o)
_write_r                                          /home/nekida/.config/Code/User/globalStorage/bmd.stm32-for-vscode/@xpack-dev-tools/arm-none-eabi-gcc/14.2.1-1.1.1/.content/bin/../lib/gcc/arm-none-eabi/14.2.1/../../../../arm-none-eabi/lib/thumb/v7e-m+fp/hard/libc_nano.a(libc_a-writer.o)
                                                  /home/nekida/.config/Code/User/globalStorage/bmd.stm32-for-vscode/@xpack-dev-tools/arm-none-eabi-gcc/14.2.1-1.1.1/.content/bin/../lib/gcc/arm-none-eabi/14.2.1/../../../../arm-none-eabi/lib/thumb/v7e-m+fp/hard/libc_nano.a(libc_a-stdio.o)
atexit                                            /home/nekida/.config/Code/User/globalStorage/bmd.stm32-for-vscode/@xpack-dev-tools/arm-none-eabi-gcc/14.2.1-1.1.1/.content/bin/../lib/gcc/arm-none-eabi/14.2.1/../../../../arm-none-eabi/lib/thumb/v7e-m+fp/hard/libc_nano.a(libc_a-atexit.o)
                                                  /home/nekida/.config/Code/User/globalStorage/bmd.stm32-for-vscode/@xpack-dev-tools/arm-none-eabi-gcc/14.2.1-1.1.1/.content/bin/../lib/gcc/arm-none-eabi/14.2.1/../../../../arm-none-eabi/lib/thumb/v7e-m+fp/hard/crt0.o
environ                                           build/debug/syscalls.o
errno                                             /home/nekida/.config/Code/User/globalStorage/bmd.stm32-for-vscode/@xpack-dev-tools/arm-none-eabi-gcc/14.2.1-1.1.1/.content/bin/../lib/gcc/arm-none-eabi/14.2.1/../../../../arm-none-eabi/lib/thumb/v7e-m+fp/hard/libc_nano.a(libc_a-reent.o)
                                                  /home/nekida/.config/Code/User/globalStorage/bmd.stm32-for-vscode/@xpack-dev-tools/arm-none-eabi-gcc/14.2.1-1.1.1/.content/bin/../lib/gcc/arm-none-eabi/14.2.1/../../../../arm-none-eabi/lib/thumb/v7e-m+fp/hard/libc_nano.a(libc_a-sbrkr.o)
                                                  /home/nekida/.config/Code/User/globalStorage/bmd.stm32-for-vscode/@xpack-dev-tools/arm-none-eabi-gcc/14.2.1-1.1.1/.content/bin/../lib/gcc/arm-none-eabi/14.2.1/../../../../arm-none-eabi/lib/thumb/v7e-m+fp/hard/libc_nano.a(libc_a-writer.o)
                                                  /home/nekida/.config/Code/User/globalStorage/bmd.stm32-for-vscode/@xpack-dev-tools/arm-none-eabi-gcc/14.2.1-1.1.1/.content/bin/../lib/gcc/arm-none-eabi/14.2.1/../../../../arm-none-eabi/lib/thumb/v7e-m+fp/hard/libc_nano.a(libc_a-readr.o)
                                                  /home/nekida/.config/Code/User/globalStorage/bmd.stm32-for-vscode/@xpack-dev-tools/arm-none-eabi-gcc/14.2.1-1.1.1/.content/bin/../lib/gcc/arm-none-eabi/14.2.1/../../../../arm-none-eabi/lib/thumb/v7e-m+fp/hard/libc_nano.a(libc_a-lseekr.o)
                                                  /home/nekida/.config/Code/User/globalStorage/bmd.stm32-for-vscode/@xpack-dev-tools/arm-none-eabi-gcc/14.2.1-1.1.1/.content/bin/../lib/gcc/arm-none-eabi/14.2.1/../../../../arm-none-eabi/lib/thumb/v7e-m+fp/hard/libc_nano.a(libc_a-closer.o)
exit                                              /home/nekida/.config/Code/User/globalStorage/bmd.stm32-for-vscode/@xpack-dev-tools/arm-none-eabi-gcc/14.2.1-1.1.1/.content/bin/../lib/gcc/arm-none-eabi/14.2.1/../../../../arm-none-eabi/lib/thumb/v7e-m+fp/hard/libc_nano.a(libc_a-exit.o)
                                                  /home/nekida/.config/Code/User/globalStorage/bmd.stm32-for-vscode/@xpack-dev-tools/arm-none-eabi-gcc/14.2.1-1.1.1/.content/bin/../lib/gcc/arm-none-eabi/14.2.1/../../../../arm-none-eabi/lib/thumb/v7e-m+fp/hard/crt0.o
fflush                                            /home/nekida/.config/Code/User/globalStorage/bmd.stm32-for-vscode/@xpack-dev-tools/arm-none-eabi-gcc/14.2.1-1.1.1/.content/bin/../lib/gcc/arm-none-eabi/14.2.1/../../../../arm-none-eabi/lib/thumb/v7e-m+fp/hard/libc_nano.a(libc_a-fflush.o)
g_pfnVectors                                      build/debug/startup_stm32f407xx.o
hardware_init_hook                                /home/nekida/.config/Code/User/globalStorage/bmd.stm32-for-vscode/@xpack-dev-tools/arm-none-eabi-gcc/14.2.1-1.1.1/.content/bin/../lib/gcc/arm-none-eabi/14.2.1/../../../../arm-none-eabi/lib/thumb/v7e-m+fp/hard/crt0.o
initialise_monitor_handles                        build/debug/syscalls.o
main                                              build/debug/main.o
                                                  build/debug/startup_stm32f407xx.o
                                                  /home/nekida/.config/Code/User/globalStorage/bmd.stm32-for-vscode/@xpack-dev-tools/arm-none-eabi-gcc/14.2.1-1.1.1/.content/bin/../lib/gcc/arm-none-eabi/14.2.1/../../../../arm-none-eabi/lib/thumb/v7e-m+fp/hard/crt0.o
malloc                                            /home/nekida/.config/Code/User/globalStorage/bmd.stm32-for-vscode/@xpack-dev-tools/arm-none-eabi-gcc/14.2.1-1.1.1/.content/bin/../lib/gcc/arm-none-eabi/14.2.1/../../../../arm-none-eabi/lib/thumb/v7e-m+fp/hard/libc_nano.a(libc_a-__atexit.o)
memset                                            /home/nekida/.config/Code/User/globalStorage/bmd.stm32-for-vscode/@xpack-dev-tools/arm-none-eabi-gcc/14.2.1-1.1.1/.content/bin/../lib/gcc/arm-none-eabi/14.2.1/../../../../arm-none-eabi/lib/thumb/v7e-m+fp/hard/libc_nano.a(libc_a-memset.o)
                                                  /home/nekida/.config/Code/User/globalStorage/bmd.stm32-for-vscode/@xpack-dev-tools/arm-none-eabi-gcc/14.2.1-1.1.1/.content/bin/../lib/gcc/arm-none-eabi/14.2.1/../../../../arm-none-eabi/lib/thumb/v7e-m+fp/hard/libc_nano.a(libc_a-findfp.o)
                                                  build/debug/spi.o
                                                  /home/nekida/.config/Code/User/globalStorage/bmd.stm32-for-vscode/@xpack-dev-tools/arm-none-eabi-gcc/14.2.1-1.1.1/.content/bin/../lib/gcc/arm-none-eabi/14.2.1/../../../../arm-none-eabi/lib/thumb/v7e-m+fp/hard/crt0.o
software_init_hook                                /home/nekida/.config/Code/User/globalStorage/bmd.stm32-for-vscode/@xpack-dev-tools/arm-none-eabi-gcc/14.2.1-1.1.1/.content/bin/../lib/gcc/arm-none-eabi/14.2.1/../../../../arm-none-eabi/lib/thumb/v7e-m+fp/hard/crt0.o
